sites 148  components 34  stranded 10  routes-under-threshold 0
  [OK  ]  41 sites  gw=4  ammo_relay, appalachia_th, baldface_s, boott_spur, caps_ridge_th…
  [OK  ]  16 sites  gw=3  chocorua_summit, dickey_ledges, ferncroft_th, jennings_peak, noon_peak…
  [OK  ]  14 sites  gw=3  bondcliff, cannon_tram_top, flume_vc, galehead_hut, garfield_summit…
  [OK  ]  10 sites  gw=1  carrigain_summit, guyot_summit, notchland_inn, sawyer_river_th, signal_ridge…
  [OK  ]   8 sites  gw=1  kilkenny_lookout, nash_stream_th, percy_peaks, stark_village, the_bulge…
  [OK  ]   6 sites  gw=1  blue_ridge_ledge, glencliff_th, kinsman_notch, moosilauke_s_peak, moosilauke_summit…
  [OK  ]   6 sites  gw=2  berlin_gateway, gentian_pond, gorham_info, moriah_summit, mt_hayes…
  [OK  ]   4 sites  gw=1  belknap_summit, gunstock_top, major_summit, piper_mtn_belknap
  [OK  ]   3 sites  gw=1  greeley_ponds, kanc_pass, lincoln_woods_th
  [OK  ]   3 sites  gw=1  dublin_th, monadnock_hq, monadnock_summit
  [OK  ]   3 sites  gw=1  dartmouth_skiway, holts_ledge, lyme_dorchester_th
  [DEAD]   2 sites  gw=0  imp_shelter, north_carter
  [OK  ]   2 sites  gw=1  cardigan_lodge, cardigan_summit
  [OK  ]   2 sites  gw=1  ragged_mtn, ragged_ski_base
  [OK  ]   2 sites  gw=1  miller_hq, pack_monadnock
  [OK  ]   2 sites  gw=1  kearsarge_summit, winslow_hq
  [DEAD]   2 sites  gw=0  black_cap, kearsarge_north
  [OK  ]   2 sites  gw=1  pawtuckaway_hq, pawtuckaway_tower
  [OK  ]   2 sites  gw=1  pisgah_hq, pisgah_ridge
  [OK  ]   2 sites  gw=1  balsams_gateway, table_rock
  [OK  ]   2 sites  gw=1  castle_clouds, turtleback_mtn
  [OK  ]   2 sites  gw=2  first_lake_dam, second_lake_dam
  [DEAD]   1 sites  gw=0  cabot_summit
  [OK  ]   1 sites  gw=1  sunapee_summit
  [DEAD]   1 sites  gw=0  shaw_summit
  [DEAD]   1 sites  gw=0  smarts_mtn
  [OK  ]   1 sites  gw=1  cranmore_top
  [OK  ]   1 sites  gw=1  uncanoonuc_s
  [OK  ]   1 sites  gw=1  blue_job
  [OK  ]   1 sites  gw=1  pittsburg_village
  [DEAD]   1 sites  gw=0  magalloway_tower
  [OK  ]   1 sites  gw=1  newbury_station
  [DEAD]   1 sites  gw=0  mt_hight
  [DEAD]   1 sites  gw=0  lambert_ridge
trail coverage (worst first):
  OK  carrigain_signal_ridge      85.7%  [chord]
  OK  ammo_jewell_loop           100.0%  [osm]
  OK  tuckerman_loop             100.0%  [osm]
  OK  crawford_traverse          100.0%  [osm]
  OK  valley_way_madison         100.0%  [osm]
  OK  carter_wildcat             100.0%  [osm]
  OK  great_gulf_osgood          100.0%  [osm]
  OK  franconia_ridge_loop       100.0%  [osm]
  OK  lonesome_lake_family       100.0%  [chord]
  OK  pemi_bonds_long            100.0%  [osm]
  OK  moosilauke_gorge_brook     100.0%  [osm]
  OK  osceola_greeley            100.0%  [chord]
  OK  chocorua_piper             100.0%  [osm]
  OK  monadnock_white_dot        100.0%  [osm]
  OK  cardigan_west_ridge        100.0%  [osm]
  OK  belknap_range_walk         100.0%  [chord]
  OK  kearsarge_winslow          100.0%  [osm]
  OK  pack_monadnock_loop        100.0%  [osm]
VERDICT: FAIL
