W-FETCHED-2016
W-FETCHED-2017
W-FETCHED-2018
W-FETCHED-2019
W-FETCHED-2020
W-FETCHED-2021
W-FETCHED-2022
W-FETCHED-2023
W-FETCHED-2024
E4-DONE-2016-duty_sync
E4-DONE-2016-lb_energy
E4-DONE-2017-duty_sync
E4-DONE-2017-lb_energy
E4-DONE-2018-duty_sync
E4-DONE-2018-lb_energy
E4-DONE-2019-duty_sync
E4-DONE-2019-lb_energy
E4-DONE-2020-duty_sync
E4-DONE-2020-lb_energy
E4-DONE-2021-duty_sync
E4-DONE-2021-lb_energy
E4-DONE-2022-duty_sync
E4-DONE-2022-lb_energy
E4-DONE-2023-duty_sync
E4-DONE-2023-lb_energy
E4-DONE-2024-duty_sync
E4-DONE-2024-lb_energy
E4-DONE-2025-duty_sync
E4-DONE-2025-lb_energy
E5-DONE-flood-r4-on
E5-DONE-flood-r4-off
E5-DONE-duty_sync-r4-on
E5-DONE-duty_sync-r4-off
E5-DONE-flood-r8-on
E5-DONE-flood-r8-off
E5-DONE-duty_sync-r8-on
E5-DONE-duty_sync-r8-off
E6-DONE-duty_sync-b18.5-p3
E6-DONE-lb_energy-b18.5-p3
E6-DONE-duty_sync-b18.5-p6
E6-DONE-lb_energy-b18.5-p6
E6-DONE-duty_sync-b18.5-p10
E6-DONE-lb_energy-b18.5-p10
E6-DONE-duty_sync-b18.5-p15
E6-DONE-lb_energy-b18.5-p15
E6-DONE-duty_sync-b37-p3
E6-DONE-lb_energy-b37-p3
E6-DONE-duty_sync-b37-p6
E6-DONE-lb_energy-b37-p6
E6-DONE-duty_sync-b37-p10
E6-DONE-lb_energy-b37-p10
E6-DONE-duty_sync-b37-p15
E6-DONE-lb_energy-b37-p15
E6-DONE-duty_sync-b74-p3
E6-DONE-lb_energy-b74-p3
E6-DONE-duty_sync-b74-p6
E6-DONE-lb_energy-b74-p6
E6-DONE-duty_sync-b74-p10
E6-DONE-lb_energy-b74-p10
E6-DONE-duty_sync-b74-p15
E6-DONE-lb_energy-b74-p15
E6-DONE-duty_sync-b111-p3
E6-DONE-lb_energy-b111-p3
E6-DONE-duty_sync-b111-p6
E6-DONE-lb_energy-b111-p6
E6-DONE-duty_sync-b111-p10
E6-DONE-lb_energy-b111-p10
E6-DONE-duty_sync-b111-p15
E6-DONE-lb_energy-b111-p15
E7-DONE-sp0-r2
E7-DONE-sp0-r4
E7-DONE-sp1-r2
E7-DONE-sp1-r4
E7-DONE-sp2-r2
E7-DONE-sp2-r4
E7-DONE-sp4-r2
E7-DONE-sp4-r4
EXP4-ALL-OK
