FS-DONE-flood-s1
FS-DONE-flood-s2
FS-DONE-flood-s3
FS-DONE-flood-s4
FS-DONE-flood-s5
FS-DONE-min_hop-s1
FS-DONE-min_hop-s2
FS-DONE-min_hop-s3
FS-DONE-min_hop-s4
FS-DONE-min_hop-s5
FS-DONE-etx-s1
FS-DONE-etx-s2
FS-DONE-etx-s3
FS-DONE-etx-s4
FS-DONE-etx-s5
FS-DONE-energy_aware-s1
FS-DONE-energy_aware-s2
FS-DONE-energy_aware-s3
FS-DONE-energy_aware-s4
FS-DONE-energy_aware-s5
FS-DONE-lb_energy-s1
FS-DONE-lb_energy-s2
FS-DONE-lb_energy-s3
FS-DONE-lb_energy-s4
FS-DONE-lb_energy-s5
FS-DONE-duty_sync-s1
FS-DONE-duty_sync-s2
FS-DONE-duty_sync-s3
FS-DONE-duty_sync-s4
FS-DONE-duty_sync-s5
FS-DONE-duty_adaptive-s1
FS-DONE-duty_adaptive-s2
FS-DONE-duty_adaptive-s3
FS-DONE-duty_adaptive-s4
FS-DONE-duty_adaptive-s5
FS-DONE-rotate_lb-s1
FS-DONE-rotate_lb-s2
FS-DONE-rotate_lb-s3
FS-DONE-rotate_lb-s4
FS-DONE-rotate_lb-s5
FS-DONE-lb_noretry-s1
FS-DONE-lb_noretry-s2
FS-DONE-lb_noretry-s3
FS-DONE-lb_noretry-s4
FS-DONE-lb_noretry-s5
FSWEEP-ALL-OK
