{
  "mode": "energy_aware",
  "days": 2.0,
  "hop_limit": 3,
  "n_renters": 36,
  "beacon_interval_s": 300,
  "n_nodes": 194,
  "daily_kt": [
    0.638,
    0.221
  ],
  "channel_utilization": 0.13778,
  "start_date": "2026-07-10",
  "weather_driven": false,
  "packets_originated": 27032,
  "pdr_overall": 0.9064,
  "sos": {
    "sent": 2,
    "delivered": 2,
    "latencies_s": [
      0.82,
      0.81
    ]
  }
}
struggling links (227 of 460 active):
            mt_roberts <-> shaw_summit          PRR 0.05  margin  -14.2 dB  (1144 tries)
         great_gulf_th <-> pinkham_notch_vc     PRR 0.05  margin  -13.7 dB  (193 tries)
            glen_house <-> jefferson_lawn       PRR 0.05  margin  -14.6 dB  (385 tries)
       garfield_summit <-> hancock_th           PRR 0.06  margin  -13.4 dB  (1091 tries)
            glen_ellis <-> madison_hut          PRR 0.06  margin  -13.1 dB  (888 tries)
             kinsman_n <-> lafayette_place      PRR 0.06  margin  -11.8 dB  (192 tries)
           imp_shelter <-> pulpit_rock          PRR 0.06  margin  -12.2 dB  (600 tries)
           hermit_lake <-> pinkham_notch_vc     PRR 0.06  margin  -12.4 dB  (192 tries)
             lion_head <-> madison_hut          PRR 0.06  margin  -12.9 dB  (1086 tries)
          monroe_flank <-> nelson_crag          PRR 0.06  margin  -12.6 dB  (394 tries)
     waterville_valley <-> whiteface_summit     PRR 0.06  margin  -12.3 dB  (385 tries)
        grayknob_cabin <-> great_gulf_th        PRR 0.07  margin  -11.9 dB  (383 tries)
per-node:
  summit_shermanadams    tx     0  rx   8331  col   87  dup-    0  E_tx   0.000 Wh  solar    0.00 Wh  SOC 100.0%  deaths 0  [grid]
  gateway_marshfield     tx     0  rx   2454  col    6  dup-    0  E_tx   0.000 Wh  solar    0.00 Wh  SOC 100.0%  deaths 0  [grid]
  pinkham_notch_vc       tx     0  rx   2160  col    3  dup-    0  E_tx   0.000 Wh  solar    0.00 Wh  SOC 100.0%  deaths 0  [grid]
  highland_center        tx     0  rx   1023  col    0  dup-    0  E_tx   0.000 Wh  solar    0.00 Wh  SOC 100.0%  deaths 0  [grid]
  lakes_hut              tx   204  rx   2401  col   10  dup-    0  E_tx   0.021 Wh  solar   29.21 Wh  SOC 99.5%  deaths 0  [solar]
  madison_hut            tx   700  rx   1567  col    1  dup-    0  E_tx   0.071 Wh  solar   28.77 Wh  SOC 99.5%  deaths 0  [solar]
  mizpah_hut             tx   191  rx   1429  col    1  dup-    0  E_tx   0.019 Wh  solar   29.06 Wh  SOC 99.4%  deaths 0  [solar]
  carter_notch_hut       tx   193  rx    813  col   13  dup-    0  E_tx   0.020 Wh  solar    3.99 Wh  SOC 74.2%  deaths 0  [solar]
  grayknob_cabin         tx   192  rx   2986  col   10  dup-    0  E_tx   0.020 Wh  solar   29.26 Wh  SOC 99.5%  deaths 0  [solar]
  hermit_lake            tx   192  rx   2235  col    6  dup-    0  E_tx   0.020 Wh  solar   28.80 Wh  SOC 99.3%  deaths 0  [solar]
  crag_camp              tx  1340  rx   3340  col   16  dup-    0  E_tx   0.136 Wh  solar   28.52 Wh  SOC 99.3%  deaths 0  [solar]
  dolly_copp             tx   197  rx   1844  col    3  dup-    0  E_tx   0.020 Wh  solar    4.26 Wh  SOC 75.1%  deaths 0  [solar]
  ammo_relay             tx   193  rx   1377  col    1  dup-    0  E_tx   0.020 Wh  solar   28.30 Wh  SOC 99.5%  deaths 0  [solar]
  jewell_relay           tx   191  rx   2764  col    7  dup-    0  E_tx   0.019 Wh  solar   28.92 Wh  SOC 99.5%  deaths 0  [solar]
  clay_relay             tx   534  rx   2554  col    6  dup-    0  E_tx   0.054 Wh  solar   29.23 Wh  SOC 99.5%  deaths 0  [solar]
  monroe_flank           tx   192  rx   4813  col   44  dup-    0  E_tx   0.020 Wh  solar   29.44 Wh  SOC 99.5%  deaths 0  [solar]
  lion_head              tx   388  rx   3330  col   14  dup-    0  E_tx   0.039 Wh  solar   28.72 Wh  SOC 99.3%  deaths 0  [solar]
  boott_spur             tx   214  rx   3015  col    9  dup-    0  E_tx   0.022 Wh  solar   27.33 Wh  SOC 99.3%  deaths 0  [solar]
  jefferson_lawn         tx   193  rx   4697  col   29  dup-    0  E_tx   0.020 Wh  solar   29.13 Wh  SOC 99.5%  deaths 0  [solar]
  thunderstorm_jct       tx   194  rx   6000  col   50  dup-    0  E_tx   0.020 Wh  solar   29.44 Wh  SOC 99.5%  deaths 0  [solar]
  eisenhower_relay       tx   198  rx   2932  col   13  dup-    0  E_tx   0.020 Wh  solar   29.44 Wh  SOC 99.5%  deaths 0  [solar]
  pierce_relay           tx   192  rx   1994  col    7  dup-    0  E_tx   0.020 Wh  solar    4.36 Wh  SOC 75.4%  deaths 0  [solar]
  wildcat_d              tx   512  rx   4538  col   20  dup-    0  E_tx   0.052 Wh  solar    4.37 Wh  SOC 75.3%  deaths 0  [solar]
  nelson_crag            tx   202  rx   6112  col   49  dup-    0  E_tx   0.021 Wh  solar   28.83 Wh  SOC 99.3%  deaths 0  [solar]
  appalachia_th          tx   191  rx   1078  col    0  dup-    0  E_tx   0.019 Wh  solar    4.40 Wh  SOC 75.5%  deaths 0  [solar]
  caps_ridge_th          tx   192  rx   2787  col    9  dup-    0  E_tx   0.020 Wh  solar    4.34 Wh  SOC 75.4%  deaths 0  [solar]
  glen_ellis             tx   192  rx   1413  col    2  dup-    0  E_tx   0.020 Wh  solar    4.24 Wh  SOC 75.0%  deaths 0  [solar]
  great_gulf_th          tx   193  rx   2362  col    5  dup-    0  E_tx   0.020 Wh  solar    4.33 Wh  SOC 75.3%  deaths 0  [solar]
  glen_house             tx   192  rx   3990  col   15  dup-    0  E_tx   0.020 Wh  solar    4.35 Wh  SOC 75.4%  deaths 0  [solar]
  jackson_summit         tx   386  rx   1681  col    5  dup-    0  E_tx   0.039 Wh  solar   29.45 Wh  SOC 99.5%  deaths 0  [solar]
  webster_cliff          tx   191  rx   1465  col    1  dup-    0  E_tx   0.019 Wh  solar    4.40 Wh  SOC 75.5%  deaths 0  [solar]
  cog_skyline            tx   193  rx   2241  col    6  dup-    0  E_tx   0.020 Wh  solar   28.86 Wh  SOC 99.5%  deaths 0  [solar]
  wildcat_a              tx   325  rx   4497  col   19  dup-    0  E_tx   0.033 Wh  solar    4.21 Wh  SOC 74.9%  deaths 0  [solar]
  madison_summit         tx   259  rx   4778  col   39  dup-    0  E_tx   0.026 Wh  solar   29.38 Wh  SOC 99.5%  deaths 0  [solar]
  durand_ridge           tx   265  rx   1221  col    1  dup-    0  E_tx   0.027 Wh  solar    4.42 Wh  SOC 75.6%  deaths 0  [solar]
  cannon_tram_top        tx     0  rx   2662  col    5  dup-    0  E_tx   0.000 Wh  solar    0.00 Wh  SOC 100.0%  deaths 0  [grid]
  lafayette_place        tx     0  rx   1134  col    0  dup-    0  E_tx   0.000 Wh  solar    0.00 Wh  SOC 100.0%  deaths 0  [grid]
  flume_vc               tx     0  rx   1099  col    1  dup-    0  E_tx   0.000 Wh  solar    0.00 Wh  SOC 100.0%  deaths 0  [grid]
  greenleaf_hut          tx   193  rx   1338  col    1  dup-    0  E_tx   0.020 Wh  solar   29.17 Wh  SOC 99.6%  deaths 0  [solar]
  lonesome_lake_hut      tx   191  rx   1458  col    1  dup-    0  E_tx   0.019 Wh  solar    4.37 Wh  SOC 75.4%  deaths 0  [solar]
  lafayette_summit       tx   494  rx   2276  col    7  dup-    0  E_tx   0.050 Wh  solar   29.45 Wh  SOC 99.6%  deaths 0  [solar]
  little_haystack        tx   194  rx   1111  col    1  dup-    0  E_tx   0.020 Wh  solar   27.56 Wh  SOC 99.6%  deaths 0  [solar]
  liberty_summit         tx   190  rx   1089  col    2  dup-    0  E_tx   0.019 Wh  solar   28.22 Wh  SOC 99.6%  deaths 0  [solar]
  kinsman_n              tx   192  rx   1103  col    1  dup-    0  E_tx   0.020 Wh  solar   29.45 Wh  SOC 99.6%  deaths 0  [solar]
  kinsman_pond           tx   193  rx   1424  col    1  dup-    0  E_tx   0.020 Wh  solar    4.31 Wh  SOC 75.3%  deaths 0  [solar]
  lincoln_woods_th       tx     0  rx    420  col    1  dup-    0  E_tx   0.000 Wh  solar    0.00 Wh  SOC 100.0%  deaths 0  [grid]
  garfield_summit        tx   826  rx    950  col    2  dup-    0  E_tx   0.084 Wh  solar   29.44 Wh  SOC 99.5%  deaths 0  [solar]
  galehead_hut           tx   383  rx   1115  col    3  dup-    0  E_tx   0.039 Wh  solar   29.00 Wh  SOC 99.5%  deaths 0  [solar]
  south_twin             tx   192  rx    821  col    2  dup-    0  E_tx   0.020 Wh  solar   29.09 Wh  SOC 99.4%  deaths 0  [solar]
  guyot_summit           tx   200  rx   1829  col    9  dup-    0  E_tx   0.020 Wh  solar   28.29 Wh  SOC 99.3%  deaths 0  [solar]
  bondcliff              tx   193  rx   1460  col    2  dup-    0  E_tx   0.020 Wh  solar   28.34 Wh  SOC 99.5%  deaths 0  [solar]
  zealand_hut            tx   194  rx   1775  col    6  dup-    0  E_tx   0.020 Wh  solar    4.34 Wh  SOC 75.3%  deaths 0  [solar]
  zeacliff               tx   192  rx   1786  col    5  dup-    0  E_tx   0.020 Wh  solar    4.19 Wh  SOC 74.9%  deaths 0  [solar]
  hancock_th             tx   265  rx    873  col    2  dup-    0  E_tx   0.027 Wh  solar    4.29 Wh  SOC 75.2%  deaths 0  [solar]
  carrigain_summit       tx  1358  rx   1397  col    4  dup-    0  E_tx   0.138 Wh  solar   29.45 Wh  SOC 99.5%  deaths 0  [solar]
  willey_summit          tx   191  rx   1947  col    8  dup-    0  E_tx   0.019 Wh  solar    4.41 Wh  SOC 75.6%  deaths 0  [solar]
  sawyer_river_th        tx   228  rx    672  col    2  dup-    0  E_tx   0.023 Wh  solar    4.40 Wh  SOC 75.5%  deaths 0  [solar]
  waterville_valley      tx     0  rx   1044  col    1  dup-    0  E_tx   0.000 Wh  solar    0.00 Wh  SOC 100.0%  deaths 0  [grid]
  kanc_pass              tx   194  rx    350  col    1  dup-    0  E_tx   0.020 Wh  solar    4.39 Wh  SOC 75.5%  deaths 0  [solar]
  osceola_summit         tx   191  rx   1051  col    1  dup-    0  E_tx   0.019 Wh  solar    4.36 Wh  SOC 75.4%  deaths 0  [solar]
  greeley_ponds          tx   192  rx    911  col    2  dup-    0  E_tx   0.020 Wh  solar    4.41 Wh  SOC 75.6%  deaths 0  [solar]
  tripyramid_n           tx   298  rx    564  col    0  dup-    0  E_tx   0.030 Wh  solar    4.27 Wh  SOC 75.1%  deaths 0  [solar]
  sandwich_dome          tx   193  rx    135  col    0  dup-    0  E_tx   0.020 Wh  solar    4.37 Wh  SOC 75.5%  deaths 0  [solar]
  whiteface_summit       tx   385  rx    452  col    0  dup-    0  E_tx   0.039 Wh  solar   28.91 Wh  SOC 99.5%  deaths 0  [solar]
  passaconaway           tx   668  rx   1550  col    3  dup-    0  E_tx   0.068 Wh  solar   29.46 Wh  SOC 99.5%  deaths 0  [solar]
  ferncroft_th           tx   847  rx    722  col    0  dup-    0  E_tx   0.086 Wh  solar    4.39 Wh  SOC 75.3%  deaths 0  [solar]
  welch_dickey_th        tx   193  rx    239  col    0  dup-    0  E_tx   0.020 Wh  solar    4.35 Wh  SOC 75.4%  deaths 0  [solar]
  chocorua_summit        tx   192  rx    750  col    1  dup-    0  E_tx   0.020 Wh  solar    4.35 Wh  SOC 75.4%  deaths 0  [solar]
  piper_th               tx   196  rx    717  col    2  dup-    0  E_tx   0.020 Wh  solar    4.21 Wh  SOC 74.9%  deaths 0  [solar]
  ravine_lodge           tx     0  rx    744  col    1  dup-    0  E_tx   0.000 Wh  solar    0.00 Wh  SOC 100.0%  deaths 0  [grid]
  moosilauke_summit      tx   191  rx    944  col    1  dup-    0  E_tx   0.019 Wh  solar   29.42 Wh  SOC 99.6%  deaths 0  [solar]
  kinsman_notch          tx   190  rx    207  col    0  dup-    0  E_tx   0.019 Wh  solar    4.22 Wh  SOC 75.0%  deaths 0  [solar]
  glencliff_th           tx   191  rx    707  col    1  dup-    0  E_tx   0.019 Wh  solar    4.37 Wh  SOC 75.5%  deaths 0  [solar]
  gorham_info            tx     0  rx    174  col    0  dup-    0  E_tx   0.000 Wh  solar    0.00 Wh  SOC 100.0%  deaths 0  [grid]
  carter_dome            tx   790  rx   2830  col   27  dup-    0  E_tx   0.080 Wh  solar   29.36 Wh  SOC 99.5%  deaths 0  [solar]
  imp_shelter            tx   192  rx   1518  col    0  dup-    0  E_tx   0.020 Wh  solar   29.03 Wh  SOC 99.4%  deaths 0  [solar]
  moriah_summit          tx   190  rx    286  col    0  dup-    0  E_tx   0.019 Wh  solar   28.30 Wh  SOC 99.3%  deaths 0  [solar]
  baldface_s             tx   191  rx    596  col    1  dup-    0  E_tx   0.019 Wh  solar    4.41 Wh  SOC 75.6%  deaths 0  [solar]
  mt_hayes               tx   192  rx    301  col    0  dup-    0  E_tx   0.020 Wh  solar    4.32 Wh  SOC 75.3%  deaths 0  [solar]
  gentian_pond           tx   192  rx    414  col    1  dup-    0  E_tx   0.020 Wh  solar    4.35 Wh  SOC 75.4%  deaths 0  [solar]
  success_summit         tx   190  rx    350  col    0  dup-    0  E_tx   0.019 Wh  solar    4.42 Wh  SOC 75.6%  deaths 0  [solar]
  berlin_gateway         tx     0  rx    147  col    0  dup-    0  E_tx   0.000 Wh  solar    0.00 Wh  SOC 100.0%  deaths 0  [grid]
  cabot_summit           tx   192  rx    566  col    1  dup-    0  E_tx   0.020 Wh  solar   28.88 Wh  SOC 99.5%  deaths 0  [solar]
  unknown_pond           tx   193  rx   1600  col    2  dup-    0  E_tx   0.020 Wh  solar    4.35 Wh  SOC 75.4%  deaths 0  [solar]
  percy_peaks            tx   192  rx    958  col    3  dup-    0  E_tx   0.020 Wh  solar    4.33 Wh  SOC 75.3%  deaths 0  [solar]
  nash_stream_th         tx   192  rx    207  col    0  dup-    0  E_tx   0.020 Wh  solar    4.25 Wh  SOC 75.1%  deaths 0  [solar]
  waumbek_summit         tx   191  rx    298  col    0  dup-    0  E_tx   0.019 Wh  solar    4.25 Wh  SOC 75.1%  deaths 0  [solar]
  cherry_mtn             tx   344  rx    964  col    0  dup-    0  E_tx   0.035 Wh  solar    4.41 Wh  SOC 75.5%  deaths 0  [solar]
  cardigan_lodge         tx     0  rx    294  col    0  dup-    0  E_tx   0.000 Wh  solar    0.00 Wh  SOC 100.0%  deaths 0  [grid]
  cardigan_summit        tx   192  rx    101  col    0  dup-    0  E_tx   0.020 Wh  solar    4.42 Wh  SOC 75.6%  deaths 0  [solar]
  sunapee_summit         tx     0  rx      0  col    0  dup-    0  E_tx   0.000 Wh  solar    0.00 Wh  SOC 100.0%  deaths 0  [grid]
  ragged_mtn             tx   192  rx      0  col    0  dup-    0  E_tx   0.020 Wh  solar    4.42 Wh  SOC 75.6%  deaths 0  [solar]
  gunstock_top           tx     0  rx    740  col    0  dup-    0  E_tx   0.000 Wh  solar    0.00 Wh  SOC 100.0%  deaths 0  [grid]
  major_summit           tx   195  rx    510  col    0  dup-    0  E_tx   0.020 Wh  solar    4.36 Wh  SOC 75.4%  deaths 0  [solar]
  shaw_summit            tx   193  rx    467  col    3  dup-    0  E_tx   0.020 Wh  solar    4.41 Wh  SOC 75.6%  deaths 0  [solar]
  monadnock_hq           tx     0  rx    473  col    0  dup-    0  E_tx   0.000 Wh  solar    0.00 Wh  SOC 100.0%  deaths 0  [grid]
  monadnock_summit       tx   191  rx    229  col    0  dup-    0  E_tx   0.019 Wh  solar    4.42 Wh  SOC 75.6%  deaths 0  [solar]
  dublin_th              tx   193  rx    210  col    0  dup-    0  E_tx   0.020 Wh  solar    4.41 Wh  SOC 75.6%  deaths 0  [solar]
  miller_hq              tx     0  rx    238  col    0  dup-    0  E_tx   0.000 Wh  solar    0.00 Wh  SOC 100.0%  deaths 0  [grid]
  pack_monadnock         tx   199  rx     40  col    0  dup-    0  E_tx   0.020 Wh  solar    4.42 Wh  SOC 75.6%  deaths 0  [solar]
  smarts_mtn             tx   192  rx    600  col    1  dup-    0  E_tx   0.020 Wh  solar    4.42 Wh  SOC 75.6%  deaths 0  [solar]
  lyme_dorchester_th     tx   751  rx   1523  col   30  dup-    0  E_tx   0.076 Wh  solar    4.41 Wh  SOC 75.4%  deaths 0  [solar]
  winslow_hq             tx     0  rx    247  col    0  dup-    0  E_tx   0.000 Wh  solar    0.00 Wh  SOC 100.0%  deaths 0  [grid]
  kearsarge_summit       tx   200  rx     51  col    0  dup-    0  E_tx   0.020 Wh  solar    4.42 Wh  SOC 75.6%  deaths 0  [solar]
  cranmore_top           tx     0  rx    968  col    4  dup-    0  E_tx   0.000 Wh  solar    0.00 Wh  SOC 100.0%  deaths 0  [grid]
  kearsarge_north        tx   193  rx    958  col   32  dup-    0  E_tx   0.020 Wh  solar    4.41 Wh  SOC 75.6%  deaths 0  [solar]
  pawtuckaway_hq         tx     0  rx    191  col    0  dup-    0  E_tx   0.000 Wh  solar    0.00 Wh  SOC 100.0%  deaths 0  [grid]
  pawtuckaway_tower      tx   191  rx      0  col    0  dup-    0  E_tx   0.019 Wh  solar    4.42 Wh  SOC 75.6%  deaths 0  [solar]
  pisgah_hq              tx     0  rx    178  col    0  dup-    0  E_tx   0.000 Wh  solar    0.00 Wh  SOC 100.0%  deaths 0  [grid]
  pisgah_ridge           tx   191  rx      0  col    0  dup-    0  E_tx   0.019 Wh  solar    4.42 Wh  SOC 75.6%  deaths 0  [solar]
  uncanoonuc_s           tx     0  rx      0  col    0  dup-    0  E_tx   0.000 Wh  solar    0.00 Wh  SOC 100.0%  deaths 0  [grid]
  blue_job               tx     0  rx      0  col    0  dup-    0  E_tx   0.000 Wh  solar    0.00 Wh  SOC 100.0%  deaths 0  [grid]
  balsams_gateway        tx     0  rx    193  col    0  dup-    0  E_tx   0.000 Wh  solar    0.00 Wh  SOC 100.0%  deaths 0  [grid]
  table_rock             tx   193  rx      0  col    0  dup-    0  E_tx   0.020 Wh  solar    4.39 Wh  SOC 75.5%  deaths 0  [solar]
  pittsburg_village      tx     0  rx      0  col    0  dup-    0  E_tx   0.000 Wh  solar    0.00 Wh  SOC 100.0%  deaths 0  [grid]
  magalloway_tower       tx     0  rx      0  col    0  dup-    0  E_tx   0.000 Wh  solar    4.26 Wh  SOC 75.2%  deaths 0  [solar]
  pulpit_rock            tx   412  rx   1397  col    2  dup-    0  E_tx   0.042 Wh  solar   27.37 Wh  SOC 99.3%  deaths 0  [solar]
  tremont_summit         tx   191  rx    330  col    0  dup-    0  E_tx   0.019 Wh  solar    4.23 Wh  SOC 75.0%  deaths 0  [solar]
  noon_peak              tx   191  rx    581  col    0  dup-    0  E_tx   0.019 Wh  solar    4.33 Wh  SOC 75.3%  deaths 0  [solar]
  dickey_ledges          tx   192  rx    245  col    0  dup-    0  E_tx   0.020 Wh  solar    4.22 Wh  SOC 75.0%  deaths 0  [solar]
  tecumseh_ski_top       tx     0  rx   1117  col    1  dup-    0  E_tx   0.000 Wh  solar    0.00 Wh  SOC 100.0%  deaths 0  [grid]
  blue_ridge_ledge       tx   190  rx    359  col    1  dup-    0  E_tx   0.019 Wh  solar   28.89 Wh  SOC 99.4%  deaths 0  [solar]
  north_carter           tx   191  rx    829  col    0  dup-    0  E_tx   0.019 Wh  solar    4.31 Wh  SOC 75.2%  deaths 0  [solar]
  the_horn               tx  1088  rx   1035  col    1  dup-    0  E_tx   0.111 Wh  solar   28.22 Wh  SOC 99.3%  deaths 0  [solar]
  victor_head            tx   192  rx    903  col    2  dup-    0  E_tx   0.020 Wh  solar    4.41 Wh  SOC 75.6%  deaths 0  [solar]
  ragged_ski_base        tx     0  rx    192  col    0  dup-    0  E_tx   0.000 Wh  solar    0.00 Wh  SOC 100.0%  deaths 0  [grid]
  castle_clouds          tx     0  rx   1512  col    0  dup-    0  E_tx   0.000 Wh  solar    0.00 Wh  SOC 100.0%  deaths 0  [grid]
  dartmouth_skiway       tx     0  rx   1456  col    1  dup-    0  E_tx   0.000 Wh  solar    0.00 Wh  SOC 100.0%  deaths 0  [grid]
  holts_ledge            tx   944  rx    833  col    1  dup-    0  E_tx   0.096 Wh  solar    4.37 Wh  SOC 75.2%  deaths 0  [solar]
  first_lake_dam         tx     0  rx      0  col    0  dup-    0  E_tx   0.000 Wh  solar    0.00 Wh  SOC 100.0%  deaths 0  [grid]
  moosilauke_s_peak      tx   580  rx    533  col    0  dup-    0  E_tx   0.059 Wh  solar   29.43 Wh  SOC 99.6%  deaths 0  [solar]
  belknap_summit         tx   192  rx    424  col    0  dup-    0  E_tx   0.020 Wh  solar    4.41 Wh  SOC 75.6%  deaths 0  [solar]
  newbury_station        tx     0  rx      0  col    0  dup-    0  E_tx   0.000 Wh  solar    0.00 Wh  SOC 100.0%  deaths 0  [grid]
  kilkenny_lookout       tx   192  rx   1248  col    5  dup-    0  E_tx   0.020 Wh  solar    4.29 Wh  SOC 75.2%  deaths 0  [solar]
  stark_village          tx     0  rx   1521  col    3  dup-    0  E_tx   0.000 Wh  solar    0.00 Wh  SOC 100.0%  deaths 0  [grid]
  signal_ridge           tx   219  rx   1982  col    6  dup-    0  E_tx   0.022 Wh  solar   28.04 Wh  SOC 99.5%  deaths 0  [solar]
  white_ledge_cg         tx     0  rx   1263  col    3  dup-    0  E_tx   0.000 Wh  solar    0.00 Wh  SOC 100.0%  deaths 0  [grid]
  notchland_inn          tx     0  rx   1931  col    6  dup-    0  E_tx   0.000 Wh  solar    0.00 Wh  SOC 100.0%  deaths 0  [grid]
  mt_hight               tx   192  rx   1768  col    0  dup-    0  E_tx   0.020 Wh  solar   27.25 Wh  SOC 99.3%  deaths 0  [solar]
  south_carter           tx   958  rx   2975  col   42  dup-    0  E_tx   0.097 Wh  solar   29.45 Wh  SOC 99.5%  deaths 0  [solar]
  piper_mtn_belknap      tx   192  rx    440  col    0  dup-    0  E_tx   0.020 Wh  solar    4.38 Wh  SOC 75.5%  deaths 0  [solar]
  jennings_peak          tx   193  rx   1534  col    4  dup-    0  E_tx   0.020 Wh  solar    4.35 Wh  SOC 75.4%  deaths 0  [solar]
  welch_ledges           tx   193  rx    387  col    1  dup-    0  E_tx   0.020 Wh  solar    4.40 Wh  SOC 75.6%  deaths 0  [solar]
  the_bulge              tx   383  rx   1477  col    4  dup-    0  E_tx   0.039 Wh  solar    4.26 Wh  SOC 75.0%  deaths 0  [solar]
  turtleback_mtn         tx   190  rx   1853  col    2  dup-    0  E_tx   0.019 Wh  solar    4.34 Wh  SOC 75.3%  deaths 0  [solar]
  lambert_ridge          tx   192  rx   1089  col   35  dup-    0  E_tx   0.020 Wh  solar    4.34 Wh  SOC 75.3%  deaths 0  [solar]
  black_cap              tx   573  rx   1200  col   62  dup-    0  E_tx   0.058 Wh  solar    4.39 Wh  SOC 75.4%  deaths 0  [solar]
  second_lake_dam        tx     0  rx      0  col    0  dup-    0  E_tx   0.000 Wh  solar    0.00 Wh  SOC 100.0%  deaths 0  [grid]
  middle_carter          tx   574  rx   1693  col    4  dup-    0  E_tx   0.058 Wh  solar    4.35 Wh  SOC 75.3%  deaths 0  [solar]
  zeta_pass              tx   191  rx   1588  col    0  dup-    0  E_tx   0.019 Wh  solar    4.21 Wh  SOC 74.9%  deaths 0  [solar]
  smarts_ranger_ledge    tx   576  rx   1142  col    2  dup-    0  E_tx   0.059 Wh  solar    4.33 Wh  SOC 75.2%  deaths 0  [solar]
  hurricane_col          tx   385  rx   1153  col    2  dup-    0  E_tx   0.039 Wh  solar    4.41 Wh  SOC 75.5%  deaths 0  [solar]
  cranmore_ledge         tx   767  rx    830  col    1  dup-    0  E_tx   0.078 Wh  solar    4.34 Wh  SOC 75.2%  deaths 0  [solar]
  bald_knob_ossipee      tx  1031  rx   1311  col    3  dup-    0  E_tx   0.105 Wh  solar    4.35 Wh  SOC 75.1%  deaths 0  [solar]
  mt_roberts             tx   951  rx   2003  col   15  dup-    0  E_tx   0.097 Wh  solar    4.42 Wh  SOC 75.4%  deaths 0  [solar]
  faraway_ledge          tx   190  rx   1981  col   15  dup-    0  E_tx   0.019 Wh  solar    4.40 Wh  SOC 75.6%  deaths 0  [solar]
  ossipee_saddle         tx   575  rx   1713  col    6  dup-    0  E_tx   0.058 Wh  solar    4.36 Wh  SOC 75.3%  deaths 0  [solar]
  black_snout            tx   384  rx    959  col    7  dup-    0  E_tx   0.039 Wh  solar    4.40 Wh  SOC 75.5%  deaths 0  [solar]
  rent_ammo_jewell_loop_0 tx   178  rx   3606  col   41  dup-    0  E_tx   0.018 Wh  solar    0.00 Wh  SOC 100.0%  deaths 0  [battery]
  rent_ammo_jewell_loop_1 tx   179  rx   3240  col   38  dup-    0  E_tx   0.018 Wh  solar    0.00 Wh  SOC 100.0%  deaths 0  [battery]
  rent_tuckerman_loop_0  tx   128  rx   3100  col   39  dup-    0  E_tx   0.013 Wh  solar    0.00 Wh  SOC 100.0%  deaths 0  [battery]
  rent_tuckerman_loop_1  tx   128  rx   2874  col   37  dup-    0  E_tx   0.013 Wh  solar    0.00 Wh  SOC 100.0%  deaths 0  [battery]
  rent_crawford_traverse_0 tx   152  rx   3271  col   40  dup-    0  E_tx   0.015 Wh  solar    0.00 Wh  SOC 100.0%  deaths 0  [battery]
  rent_crawford_traverse_1 tx   154  rx   2980  col   33  dup-    0  E_tx   0.016 Wh  solar    0.00 Wh  SOC 100.0%  deaths 0  [battery]
  rent_valley_way_madison_0 tx   108  rx   2625  col   38  dup-    0  E_tx   0.011 Wh  solar    0.00 Wh  SOC 100.0%  deaths 0  [battery]
  rent_valley_way_madison_1 tx   110  rx   2513  col   37  dup-    0  E_tx   0.011 Wh  solar    0.00 Wh  SOC 100.0%  deaths 0  [battery]
  rent_carter_wildcat_0  tx   114  rx   2899  col   32  dup-    0  E_tx   0.012 Wh  solar    0.00 Wh  SOC 100.0%  deaths 0  [battery]
  rent_carter_wildcat_1  tx   113  rx   2752  col   37  dup-    0  E_tx   0.011 Wh  solar    0.00 Wh  SOC 100.0%  deaths 0  [battery]
  rent_great_gulf_osgood_0 tx    75  rx   1947  col   43  dup-    0  E_tx   0.008 Wh  solar    0.00 Wh  SOC 100.0%  deaths 0  [battery]
  rent_great_gulf_osgood_1 tx    75  rx   2199  col   32  dup-    0  E_tx   0.008 Wh  solar    0.00 Wh  SOC 100.0%  deaths 0  [battery]
  rent_franconia_ridge_loop_0 tx   115  rx   2666  col   39  dup-    0  E_tx   0.012 Wh  solar    0.00 Wh  SOC 100.0%  deaths 0  [battery]
  rent_franconia_ridge_loop_1 tx   114  rx   2597  col   29  dup-    0  E_tx   0.012 Wh  solar    0.00 Wh  SOC 100.0%  deaths 0  [battery]
  rent_lonesome_lake_family_0 tx    36  rx    625  col    6  dup-    0  E_tx   0.004 Wh  solar    0.00 Wh  SOC 100.0%  deaths 0  [battery]
  rent_lonesome_lake_family_1 tx    36  rx   1096  col   17  dup-    0  E_tx   0.004 Wh  solar    0.00 Wh  SOC 100.0%  deaths 0  [battery]
  rent_pemi_bonds_long_0 tx   208  rx   3670  col   46  dup-    0  E_tx   0.021 Wh  solar    0.00 Wh  SOC 100.0%  deaths 0  [battery]
  rent_pemi_bonds_long_1 tx   208  rx   3229  col   35  dup-    0  E_tx   0.021 Wh  solar    0.00 Wh  SOC 100.0%  deaths 0  [battery]
  rent_moosilauke_gorge_brook_0 tx    81  rx   1802  col   19  dup-    0  E_tx   0.008 Wh  solar    0.00 Wh  SOC 100.0%  deaths 0  [battery]
  rent_moosilauke_gorge_brook_1 tx    80  rx   1919  col   11  dup-    0  E_tx   0.008 Wh  solar    0.00 Wh  SOC 100.0%  deaths 0  [battery]
  rent_osceola_greeley_0 tx   240  rx   3418  col   24  dup-    0  E_tx   0.024 Wh  solar    0.00 Wh  SOC 100.0%  deaths 0  [battery]
  rent_osceola_greeley_1 tx   243  rx   2877  col   18  dup-    0  E_tx   0.025 Wh  solar    0.00 Wh  SOC 100.0%  deaths 0  [battery]
  rent_chocorua_piper_0  tx    48  rx   1022  col   17  dup-    0  E_tx   0.005 Wh  solar    0.00 Wh  SOC 100.0%  deaths 0  [battery]
  rent_chocorua_piper_1  tx    48  rx   1389  col   24  dup-    0  E_tx   0.005 Wh  solar    0.00 Wh  SOC 100.0%  deaths 0  [battery]
  rent_carrigain_signal_ridge_0 tx    93  rx   2277  col   36  dup-    0  E_tx   0.009 Wh  solar    0.00 Wh  SOC 100.0%  deaths 0  [battery]
  rent_carrigain_signal_ridge_1 tx    94  rx   2353  col   35  dup-    0  E_tx   0.010 Wh  solar    0.00 Wh  SOC 100.0%  deaths 0  [battery]
  rent_monadnock_white_dot_0 tx    48  rx    693  col    5  dup-    0  E_tx   0.005 Wh  solar    0.00 Wh  SOC 100.0%  deaths 0  [battery]
  rent_monadnock_white_dot_1 tx    50  rx    863  col    8  dup-    0  E_tx   0.005 Wh  solar    0.00 Wh  SOC 100.0%  deaths 0  [battery]
  rent_cardigan_west_ridge_0 tx    50  rx    908  col   10  dup-    0  E_tx   0.005 Wh  solar    0.00 Wh  SOC 100.0%  deaths 0  [battery]
  rent_cardigan_west_ridge_1 tx    52  rx   1222  col   13  dup-    0  E_tx   0.005 Wh  solar    0.00 Wh  SOC 100.0%  deaths 0  [battery]
  rent_belknap_range_walk_0 tx    91  rx   1814  col   14  dup-    0  E_tx   0.009 Wh  solar    0.00 Wh  SOC 100.0%  deaths 0  [battery]
  rent_belknap_range_walk_1 tx    90  rx   1848  col   18  dup-    0  E_tx   0.009 Wh  solar    0.00 Wh  SOC 100.0%  deaths 0  [battery]
  rent_kearsarge_winslow_0 tx    25  rx    372  col    0  dup-    0  E_tx   0.003 Wh  solar    0.00 Wh  SOC 100.0%  deaths 0  [battery]
  rent_kearsarge_winslow_1 tx    26  rx    634  col    8  dup-    0  E_tx   0.003 Wh  solar    0.00 Wh  SOC 100.0%  deaths 0  [battery]
  rent_pack_monadnock_loop_0 tx    20  rx    247  col    1  dup-    0  E_tx   0.002 Wh  solar    0.00 Wh  SOC 100.0%  deaths 0  [battery]
  rent_pack_monadnock_loop_1 tx    20  rx    433  col    5  dup-    0  E_tx   0.002 Wh  solar    0.00 Wh  SOC 100.0%  deaths 0  [battery]
wrote , artifacts/sim/summary_statewide_ea.json
