{
  "mode": "flood",
  "days": 365.0,
  "hop_limit": 3,
  "n_renters": 12,
  "beacon_interval_s": 600.0,
  "n_nodes": 48,
  "daily_kt": [],
  "channel_utilization": 0.13021,
  "start_date": "2025-07-01",
  "weather_driven": true,
  "packets_originated": 520454,
  "pdr_overall": 0.9541,
  "sos": {
    "sent": 365,
    "delivered": 328,
    "latencies_s": [
      0.81,
      0.82,
      2.51,
      0.81,
      2.1,
      0.84,
      0.81,
      0.83,
      0.72,
      0.75,
      0.79,
      3.8,
      0.84,
      0.82,
      0.73,
      0.74,
      0.73,
      1.11,
      2.69,
      0.79,
      0.8,
      0.76,
      0.78,
      0.76,
      0.82,
      2.94,
      0.84,
      0.76,
      0.76,
      0.84,
      0.73,
      0.78,
      1.33,
      0.81,
      0.79,
      0.83,
      0.82,
      0.76,
      0.75,
      2.39,
      2.01,
      0.82,
      0.8,
      0.83,
      0.73,
      0.85,
      0.73,
      0.81,
      4.32,
      0.81,
      3.5,
      2.12,
      0.74,
      0.77,
      5.21,
      0.83,
      0.82,
      0.76,
      0.82,
      0.76,
      0.8,
      0.74,
      0.78,
      0.73,
      0.77,
      0.72,
      2.15,
      0.75,
      0.73,
      0.76,
      0.84,
      2.32,
      0.75,
      0.73,
      0.73,
      0.79,
      0.78,
      0.74,
      0.81,
      0.78,
      0.81,
      0.83,
      0.84,
      0.75,
      0.8,
      0.73,
      0.74,
      0.81,
      0.78,
      0.79,
      0.77,
      0.81,
      0.81,
      0.84,
      0.74,
      0.82,
      0.84,
      0.77,
      0.77,
      2.47,
      0.78,
      2.52,
      0.92,
      0.84,
      0.75,
      0.83,
      4.0,
      0.77,
      0.73,
      2.24,
      0.79,
      0.8,
      0.82,
      2.55,
      0.84,
      0.73,
      1.87,
      0.77,
      0.84,
      0.83,
      0.72,
      0.83,
      0.76,
      0.83,
      2.02,
      0.8,
      0.84,
      3.71,
      0.78,
      2.42,
      0.78,
      0.74,
      0.79,
      0.78,
      0.78,
      0.74,
      2.38,
      0.8,
      0.73,
      1.28,
      0.73,
      0.78,
      0.76,
      0.84,
      0.77,
      0.8,
      0.73,
      0.81,
      0.84,
      0.83,
      0.75,
      0.82,
      1.91,
      0.84,
      0.77,
      0.76,
      0.78,
      0.73,
      0.83,
      0.8,
      0.77,
      2.13,
      0.74,
      1.16,
      0.83,
      0.76,
      0.79,
      0.76,
      0.8,
      0.76,
      0.79,
      0.75,
      0.76,
      0.73,
      0.77,
      0.74,
      0.78,
      0.81,
      0.81,
      0.75,
      0.79,
      0.8,
      0.83,
      0.76,
      0.75,
      2.36,
      0.78,
      0.82,
      0.8,
      0.8,
      0.82,
      2.13,
      0.82,
      0.82,
      2.42,
      0.75,
      2.94,
      1.95,
      3.32,
      0.74,
      0.8,
      0.82,
      2.0,
      0.73,
      0.75,
      0.76,
      0.74,
      0.8,
      4.78,
      0.74,
      0.82,
      0.79,
      0.8,
      0.82,
      0.77,
      2.79,
      0.81,
      0.77,
      0.8,
      0.77,
      0.75,
      0.8,
      0.74,
      2.09,
      0.81,
      0.76,
      1.24,
      0.84,
      0.8,
      2.48,
      0.78,
      0.77,
      0.77,
      0.78,
      0.75,
      2.1,
      0.74,
      2.46,
      0.73,
      0.77,
      0.78,
      0.76,
      0.83,
      2.64,
      2.08,
      1.43,
      3.35,
      0.76,
      0.8,
      0.78,
      0.83,
      0.72,
      0.74,
      0.78,
      0.78,
      0.79,
      0.78,
      0.82,
      0.77,
      2.0,
      0.83,
      0.83,
      3.94,
      4.91,
      0.81,
      0.75,
      0.73,
      0.82,
      0.74,
      0.81,
      2.84,
      1.98,
      0.81,
      0.78,
      0.83,
      0.82,
      0.74,
      0.84,
      0.77,
      0.79,
      0.73,
      0.74,
      5.16,
      0.83,
      1.1,
      0.77,
      0.79,
      0.76,
      0.74,
      0.79,
      0.79,
      0.81,
      0.74,
      0.74,
      0.8,
      0.78,
      3.28,
      0.83,
      0.79,
      3.46,
      0.76,
      0.78,
      0.73,
      5.79,
      0.83,
      0.83,
      0.78,
      0.83,
      0.84,
      3.25,
      0.8,
      0.73,
      0.81,
      0.75,
      1.48,
      0.8,
      0.79,
      0.78,
      0.82,
      0.74,
      0.78,
      2.19,
      1.05,
      0.76,
      0.76,
      0.74,
      0.74,
      0.76
    ]
  }
}
struggling links (136 of 202 active):
             crag_camp <-> madison_summit       PRR 0.06  margin  -12.0 dB  (438007 tries)
             lion_head <-> pierce_relay         PRR 0.06  margin  -11.1 dB  (205205 tries)
        grayknob_cabin <-> madison_hut          PRR 0.06  margin  -12.2 dB  (512786 tries)
            clay_relay <-> summit_shermanadams  PRR 0.06  margin  -11.0 dB  (442577 tries)
          durand_ridge <-> madison_summit       PRR 0.06  margin  -12.2 dB  (190589 tries)
       highland_center <-> mizpah_hut           PRR 0.06  margin  -12.3 dB  (421236 tries)
            clay_relay <-> jackson_summit       PRR 0.06  margin  -10.7 dB  (465611 tries)
        grayknob_cabin <-> wildcat_d            PRR 0.07  margin  -10.5 dB  (187436 tries)
           hermit_lake <-> pinkham_notch_vc     PRR 0.07  margin  -11.6 dB  (398238 tries)
             lakes_hut <-> pierce_relay         PRR 0.07  margin   -9.5 dB  (189437 tries)
            glen_ellis <-> hermit_lake          PRR 0.07  margin  -10.3 dB  (195598 tries)
      eisenhower_relay <-> madison_summit       PRR 0.07  margin   -9.8 dB  (479942 tries)
per-node:
  summit_shermanadams    tx 276361  rx 2845552  col 1842150  dup- 214771  E_tx  28.115 Wh  solar    0.00 Wh  SOC 100.0%  deaths 0  [grid]
  gateway_marshfield     tx 222446  rx 1768100  col 303748  dup- 230563  E_tx  22.630 Wh  solar    0.00 Wh  SOC 100.0%  deaths 0  [grid]
  pinkham_notch_vc       tx 264450  rx 1050936  col 72694  dup- 152903  E_tx  26.903 Wh  solar    0.00 Wh  SOC 100.0%  deaths 0  [grid]
  highland_center        tx 236639  rx 516186  col 38046  dup- 48651  E_tx  24.073 Wh  solar    0.00 Wh  SOC 100.0%  deaths 0  [grid]
  lakes_hut              tx 249187  rx 1749108  col 360213  dup- 200063  E_tx  25.351 Wh  solar 5136.17 Wh  SOC 99.9%  deaths 25  [solar]
  madison_hut            tx 322124  rx 681378  col 42481  dup- 37799  E_tx  32.769 Wh  solar 4806.31 Wh  SOC 99.9%  deaths 36  [solar]
  mizpah_hut             tx 304947  rx 701530  col 75230  dup- 64337  E_tx  31.022 Wh  solar 5177.63 Wh  SOC 99.3%  deaths 21  [solar]
  carter_notch_hut       tx  6063  rx    472  col    0  dup-    0  E_tx   0.617 Wh  solar  674.54 Wh  SOC  4.7%  deaths 236  [solar]
  grayknob_cabin         tx 322657  rx 905549  col 49379  dup- 105329  E_tx  32.824 Wh  solar 5036.59 Wh  SOC 99.9%  deaths 27  [solar]
  hermit_lake            tx 272502  rx 762300  col 36500  dup- 75430  E_tx  27.722 Wh  solar 4815.44 Wh  SOC 99.2%  deaths 44  [solar]
  crag_camp              tx 258386  rx 1506271  col 197461  dup- 205549  E_tx  26.286 Wh  solar 4862.67 Wh  SOC 99.0%  deaths 23  [solar]
  dolly_copp             tx 102028  rx 277405  col 27010  dup- 34024  E_tx  10.378 Wh  solar  730.11 Wh  SOC  5.4%  deaths 238  [solar]
  ammo_relay             tx 269240  rx 1118016  col 143696  dup- 116957  E_tx  27.390 Wh  solar 4614.63 Wh  SOC 99.9%  deaths 44  [solar]
  jewell_relay           tx 227886  rx 1933440  col 444861  dup- 225813  E_tx  23.183 Wh  solar 5005.67 Wh  SOC 99.9%  deaths 26  [solar]
  clay_relay             tx 277398  rx 1504403  col 381193  dup- 171477  E_tx  28.220 Wh  solar 5013.38 Wh  SOC 99.9%  deaths 30  [solar]
  monroe_flank           tx 277253  rx 1746394  col 475430  dup- 187068  E_tx  28.205 Wh  solar 5204.98 Wh  SOC 99.9%  deaths 24  [solar]
  lion_head              tx 287451  rx 1606182  col 376562  dup- 160375  E_tx  29.243 Wh  solar 5074.38 Wh  SOC 99.2%  deaths 24  [solar]
  boott_spur             tx 233015  rx 1172595  col 141850  dup- 143129  E_tx  23.705 Wh  solar 4162.02 Wh  SOC 99.0%  deaths 65  [solar]
  jefferson_lawn         tx 223794  rx 2253457  col 821543  dup- 246116  E_tx  22.766 Wh  solar 5189.08 Wh  SOC 99.8%  deaths 21  [solar]
  thunderstorm_jct       tx 273111  rx 1864231  col 585948  dup- 202554  E_tx  27.784 Wh  solar 5218.50 Wh  SOC 99.9%  deaths 22  [solar]
  eisenhower_relay       tx 253115  rx 1944473  col 567658  dup- 208585  E_tx  25.749 Wh  solar 5221.65 Wh  SOC 99.9%  deaths 21  [solar]
  pierce_relay           tx 122312  rx 503509  col 146863  dup- 44802  E_tx  12.441 Wh  solar  758.71 Wh  SOC  5.9%  deaths 239  [solar]
  wildcat_d              tx 86308  rx 976712  col 389277  dup- 112429  E_tx   8.779 Wh  solar  761.94 Wh  SOC  5.9%  deaths 239  [solar]
  nelson_crag            tx 241023  rx 2230149  col 817958  dup- 232722  E_tx  24.520 Wh  solar 4996.98 Wh  SOC 99.3%  deaths 25  [solar]
  appalachia_th          tx 56862  rx 141713  col  846  dup- 3046  E_tx   5.784 Wh  solar  776.83 Wh  SOC  5.9%  deaths 241  [solar]
  caps_ridge_th          tx 89363  rx 820839  col 213898  dup- 98354  E_tx   9.090 Wh  solar  761.10 Wh  SOC  5.9%  deaths 240  [solar]
  glen_ellis             tx 127942  rx 353847  col 45763  dup- 33014  E_tx  13.014 Wh  solar  719.65 Wh  SOC  5.3%  deaths 238  [solar]
  great_gulf_th          tx 125204  rx 468772  col 55219  dup- 51420  E_tx  12.736 Wh  solar  765.97 Wh  SOC  5.7%  deaths 243  [solar]
  glen_house             tx 91891  rx 842850  col 256311  dup- 102643  E_tx   9.347 Wh  solar  747.30 Wh  SOC  5.9%  deaths 237  [solar]
  jackson_summit         tx 278982  rx 1275158  col 226072  dup- 152296  E_tx  28.381 Wh  solar 5169.47 Wh  SOC 99.9%  deaths 26  [solar]
  webster_cliff          tx 117797  rx 588503  col 132598  dup- 63337  E_tx  11.982 Wh  solar  765.43 Wh  SOC  6.0%  deaths 238  [solar]
  cog_skyline            tx 251872  rx 1744657  col 303800  dup- 195016  E_tx  25.623 Wh  solar 5022.51 Wh  SOC 99.9%  deaths 26  [solar]
  wildcat_a              tx 78446  rx 827968  col 313321  dup- 102382  E_tx   7.979 Wh  solar  705.23 Wh  SOC  5.7%  deaths 234  [solar]
  madison_summit         tx 282351  rx 1408090  col 285197  dup- 168843  E_tx  28.725 Wh  solar 5194.93 Wh  SOC 99.8%  deaths 23  [solar]
  durand_ridge           tx 91827  rx 207115  col 4474  dup- 12924  E_tx   9.341 Wh  solar  777.40 Wh  SOC  6.0%  deaths 241  [solar]
  hiker_alpha            tx   235  rx  31034  col 9811  dup-    0  E_tx   0.024 Wh  solar    0.00 Wh  SOC  0.0%  deaths 1  [battery]
  rent_ammo_jewell_loop_0 tx 16259  rx 981468  col 224121  dup-    0  E_tx   1.654 Wh  solar    0.00 Wh  SOC 100.0%  deaths 0  [battery]
  rent_ammo_jewell_loop_1 tx 16288  rx 947974  col 222818  dup-    0  E_tx   1.658 Wh  solar    0.00 Wh  SOC 100.0%  deaths 0  [battery]
  rent_tuckerman_loop_0  tx 11672  rx 536356  col 83891  dup-    0  E_tx   1.188 Wh  solar    0.00 Wh  SOC 100.0%  deaths 0  [battery]
  rent_tuckerman_loop_1  tx 11685  rx 574769  col 93409  dup-    0  E_tx   1.189 Wh  solar    0.00 Wh  SOC 100.0%  deaths 0  [battery]
  rent_crawford_traverse_0 tx 13997  rx 751476  col 176086  dup-    0  E_tx   1.425 Wh  solar    0.00 Wh  SOC 100.0%  deaths 0  [battery]
  rent_crawford_traverse_1 tx 13993  rx 724551  col 172359  dup-    0  E_tx   1.424 Wh  solar    0.00 Wh  SOC 100.0%  deaths 0  [battery]
  rent_valley_way_madison_0 tx 10236  rx 243415  col 12636  dup-    0  E_tx   1.042 Wh  solar    0.00 Wh  SOC 100.0%  deaths 0  [battery]
  rent_valley_way_madison_1 tx 10245  rx 270356  col 14867  dup-    0  E_tx   1.043 Wh  solar    0.00 Wh  SOC 100.0%  deaths 0  [battery]
  rent_carter_wildcat_0  tx 10832  rx 393553  col 60862  dup-    0  E_tx   1.103 Wh  solar    0.00 Wh  SOC 100.0%  deaths 0  [battery]
  rent_carter_wildcat_1  tx 10822  rx 426523  col 69711  dup-    0  E_tx   1.101 Wh  solar    0.00 Wh  SOC 100.0%  deaths 0  [battery]
  rent_great_gulf_osgood_0 tx  7230  rx 289805  col 25700  dup-    0  E_tx   0.736 Wh  solar    0.00 Wh  SOC 100.0%  deaths 0  [battery]
  rent_great_gulf_osgood_1 tx  7262  rx 358624  col 34823  dup-    0  E_tx   0.740 Wh  solar    0.00 Wh  SOC 100.0%  deaths 0  [battery]
wrote artifacts/sim/trace_year.jsonl, artifacts/sim/summary_year.json
