{
  "mode": "flood",
  "days": 2.0,
  "hop_limit": 3,
  "n_renters": 50,
  "beacon_interval_s": 300,
  "n_nodes": 262,
  "daily_kt": [
    0.432,
    0.174
  ],
  "channel_utilization": 1.36076,
  "start_date": "2026-07-10",
  "weather_driven": false,
  "packets_originated": 35880,
  "pdr_overall": 0.9518,
  "sos": {
    "sent": 2,
    "delivered": 2,
    "latencies_s": [
      0.83,
      3.4
    ]
  }
}
struggling links (365 of 597 active):
           cog_skyline <-> jackson_summit       PRR 0.05  margin  -11.0 dB  (8392 tries)
      sugarloaf_middle <-> twin_mountain_village PRR 0.05  margin  -13.7 dB  (5897 tries)
    gateway_marshfield <-> webster_cliff        PRR 0.05  margin  -10.3 dB  (7535 tries)
            clay_relay <-> nelson_crag          PRR 0.05  margin  -10.1 dB  (9005 tries)
            ammo_relay <-> clay_relay           PRR 0.05  margin  -10.8 dB  (8053 tries)
            ammo_relay <-> jefferson_lawn       PRR 0.06  margin  -12.4 dB  (8202 tries)
             bondcliff <-> south_twin           PRR 0.06  margin  -12.8 dB  (5609 tries)
             mead_base <-> rockywold_camps      PRR 0.06  margin  -12.8 dB  (2280 tries)
           carter_dome <-> middle_carter        PRR 0.06  margin  -11.4 dB  (9329 tries)
            baldface_s <-> mt_hight             PRR 0.06  margin  -12.2 dB  (7383 tries)
           carter_dome <-> lakes_hut            PRR 0.06  margin  -10.3 dB  (10282 tries)
           hermit_lake <-> pinkham_notch_vc     PRR 0.06  margin  -11.7 dB  (7109 tries)
per-node:
  summit_shermanadams    tx  5335  rx  65169  col 57412  dup- 5239  E_tx   0.543 Wh  solar    0.00 Wh  SOC 100.0%  deaths 0  [grid]
  gateway_marshfield     tx  4053  rx  35500  col 6915  dup- 4094  E_tx   0.412 Wh  solar    0.00 Wh  SOC 100.0%  deaths 0  [grid]
  pinkham_notch_vc       tx  4382  rx  26928  col 3075  dup- 3359  E_tx   0.446 Wh  solar    0.00 Wh  SOC 100.0%  deaths 0  [grid]
  highland_center        tx  4415  rx  18000  col 1399  dup- 2059  E_tx   0.449 Wh  solar    0.00 Wh  SOC 100.0%  deaths 0  [grid]
  lakes_hut              tx  4601  rx  36436  col 8262  dup- 3849  E_tx   0.468 Wh  solar   20.88 Wh  SOC 99.3%  deaths 0  [solar]
  madison_hut            tx  5826  rx  23344  col 3287  dup- 2158  E_tx   0.593 Wh  solar   20.68 Wh  SOC 99.0%  deaths 0  [solar]
  mizpah_hut             tx  4988  rx  29792  col 4830  dup- 3005  E_tx   0.507 Wh  solar   20.81 Wh  SOC 98.8%  deaths 0  [solar]
  carter_notch_hut       tx  4034  rx   8851  col  240  dup-  260  E_tx   0.410 Wh  solar    2.95 Wh  SOC 69.7%  deaths 0  [solar]
  grayknob_cabin         tx  5882  rx  26139  col 4318  dup- 3056  E_tx   0.598 Wh  solar   20.90 Wh  SOC 99.1%  deaths 0  [solar]
  hermit_lake            tx  4958  rx  25061  col 2462  dup- 2839  E_tx   0.504 Wh  solar   20.69 Wh  SOC 98.7%  deaths 0  [solar]
  crag_camp              tx  4879  rx  39261  col 10905  dup- 4360  E_tx   0.496 Wh  solar   20.56 Wh  SOC 98.7%  deaths 0  [solar]
  dolly_copp             tx  4563  rx  19602  col 3849  dup- 2067  E_tx   0.464 Wh  solar    3.08 Wh  SOC 69.9%  deaths 0  [solar]
  ammo_relay             tx  4391  rx  25387  col 3333  dup- 2858  E_tx   0.447 Wh  solar   20.46 Wh  SOC 99.1%  deaths 0  [solar]
  jewell_relay           tx  4558  rx  41897  col 11057  dup- 4174  E_tx   0.464 Wh  solar   20.75 Wh  SOC 99.2%  deaths 0  [solar]
  clay_relay             tx  5172  rx  38313  col 13140  dup- 3744  E_tx   0.526 Wh  solar   20.89 Wh  SOC 99.2%  deaths 0  [solar]
  monroe_flank           tx  6048  rx  48175  col 25615  dup- 3789  E_tx   0.615 Wh  solar   20.99 Wh  SOC 99.1%  deaths 0  [solar]
  lion_head              tx  5245  rx  43756  col 15934  dup- 3943  E_tx   0.534 Wh  solar   20.65 Wh  SOC 98.7%  deaths 0  [solar]
  boott_spur             tx  4741  rx  37632  col 8243  dup- 4081  E_tx   0.482 Wh  solar   20.00 Wh  SOC 98.5%  deaths 0  [solar]
  jefferson_lawn         tx  5211  rx  52404  col 23519  dup- 4958  E_tx   0.530 Wh  solar   20.84 Wh  SOC 99.2%  deaths 0  [solar]
  thunderstorm_jct       tx  5115  rx  46681  col 20384  dup- 4495  E_tx   0.520 Wh  solar   20.99 Wh  SOC 99.2%  deaths 0  [solar]
  eisenhower_relay       tx  4988  rx  45942  col 19570  dup- 4075  E_tx   0.507 Wh  solar   20.99 Wh  SOC 99.3%  deaths 0  [solar]
  pierce_relay           tx  5621  rx  32222  col 10705  dup- 2471  E_tx   0.572 Wh  solar    3.12 Wh  SOC 69.7%  deaths 0  [solar]
  wildcat_d              tx  4208  rx  47055  col 20650  dup- 4870  E_tx   0.428 Wh  solar    3.13 Wh  SOC 70.2%  deaths 0  [solar]
  nelson_crag            tx  4881  rx  53689  col 29851  dup- 4775  E_tx   0.496 Wh  solar   20.70 Wh  SOC 98.8%  deaths 0  [solar]
  appalachia_th          tx  3284  rx   7946  col  110  dup-  360  E_tx   0.334 Wh  solar    3.14 Wh  SOC 70.5%  deaths 0  [solar]
  caps_ridge_th          tx  4461  rx  40619  col 11920  dup- 4243  E_tx   0.454 Wh  solar    3.11 Wh  SOC 70.1%  deaths 0  [solar]
  glen_ellis             tx  5690  rx  25531  col 5232  dup- 2361  E_tx   0.579 Wh  solar    3.07 Wh  SOC 69.5%  deaths 0  [solar]
  great_gulf_th          tx  5384  rx  25835  col 5198  dup- 2488  E_tx   0.548 Wh  solar    3.11 Wh  SOC 69.8%  deaths 0  [solar]
  glen_house             tx  4366  rx  40357  col 14003  dup- 4531  E_tx   0.444 Wh  solar    3.12 Wh  SOC 70.1%  deaths 0  [solar]
  jackson_summit         tx  5355  rx  41500  col 14823  dup- 3921  E_tx   0.545 Wh  solar   20.99 Wh  SOC 99.2%  deaths 0  [solar]
  webster_cliff          tx  4656  rx  31808  col 6878  dup- 3476  E_tx   0.474 Wh  solar    3.14 Wh  SOC 70.1%  deaths 0  [solar]
  cog_skyline            tx  4323  rx  37560  col 7349  dup- 3983  E_tx   0.440 Wh  solar   20.72 Wh  SOC 99.3%  deaths 0  [solar]
  wildcat_a              tx  4210  rx  44837  col 19587  dup- 4871  E_tx   0.428 Wh  solar    3.05 Wh  SOC 70.0%  deaths 0  [solar]
  madison_summit         tx  5269  rx  39495  col 15660  dup- 3832  E_tx   0.536 Wh  solar   20.96 Wh  SOC 99.2%  deaths 0  [solar]
  durand_ridge           tx  3015  rx  10663  col  436  dup- 1382  E_tx   0.307 Wh  solar    3.15 Wh  SOC 70.6%  deaths 0  [solar]
  cannon_tram_top        tx  1832  rx  14316  col 4995  dup- 1574  E_tx   0.186 Wh  solar    0.00 Wh  SOC 100.0%  deaths 0  [grid]
  lafayette_place        tx  1947  rx   8394  col  771  dup-  977  E_tx   0.198 Wh  solar    0.00 Wh  SOC 100.0%  deaths 0  [grid]
  flume_vc               tx  1747  rx   8373  col  700  dup- 1328  E_tx   0.178 Wh  solar    0.00 Wh  SOC 100.0%  deaths 0  [grid]
  greenleaf_hut          tx  1926  rx   9513  col 1163  dup- 1165  E_tx   0.196 Wh  solar   20.86 Wh  SOC 99.4%  deaths 0  [solar]
  lonesome_lake_hut      tx  1698  rx  10267  col 1817  dup- 1288  E_tx   0.173 Wh  solar    3.13 Wh  SOC 71.0%  deaths 0  [solar]
  lafayette_summit       tx  2456  rx  16741  col 6176  dup- 1326  E_tx   0.250 Wh  solar   20.99 Wh  SOC 99.3%  deaths 0  [solar]
  little_haystack        tx  1608  rx   9492  col 1913  dup- 1083  E_tx   0.164 Wh  solar   20.11 Wh  SOC 99.4%  deaths 0  [solar]
  liberty_summit         tx  1939  rx  11053  col 2711  dup-  986  E_tx   0.197 Wh  solar   20.42 Wh  SOC 99.4%  deaths 0  [solar]
  kinsman_n              tx  1905  rx   7946  col  493  dup- 1090  E_tx   0.194 Wh  solar   20.99 Wh  SOC 99.4%  deaths 0  [solar]
  kinsman_pond           tx  1793  rx   9914  col 1171  dup- 1284  E_tx   0.182 Wh  solar    3.10 Wh  SOC 70.9%  deaths 0  [solar]
  lincoln_woods_th       tx  1242  rx   2216  col   62  dup-   47  E_tx   0.126 Wh  solar    0.00 Wh  SOC 100.0%  deaths 0  [grid]
  garfield_summit        tx  2899  rx  10151  col 1580  dup-  623  E_tx   0.295 Wh  solar   20.99 Wh  SOC 99.3%  deaths 0  [solar]
  galehead_hut           tx  3048  rx   8298  col  635  dup-  562  E_tx   0.310 Wh  solar   20.78 Wh  SOC 99.3%  deaths 0  [solar]
  south_twin             tx  3498  rx  10401  col 1400  dup-  385  E_tx   0.356 Wh  solar   20.82 Wh  SOC 99.1%  deaths 0  [solar]
  guyot_summit           tx  2418  rx   8550  col  438  dup-  958  E_tx   0.246 Wh  solar   20.45 Wh  SOC 99.1%  deaths 0  [solar]
  bondcliff              tx  2498  rx   9345  col 1277  dup- 1019  E_tx   0.254 Wh  solar   20.47 Wh  SOC 99.3%  deaths 0  [solar]
  zealand_hut            tx  4150  rx  12771  col 1245  dup-  746  E_tx   0.422 Wh  solar    3.11 Wh  SOC 70.2%  deaths 0  [solar]
  zeacliff               tx  2768  rx  10113  col  753  dup-  836  E_tx   0.282 Wh  solar    3.04 Wh  SOC 70.4%  deaths 0  [solar]
  hancock_th             tx  2221  rx   6071  col  343  dup-  739  E_tx   0.226 Wh  solar    3.09 Wh  SOC 70.7%  deaths 0  [solar]
  carrigain_summit       tx  2637  rx  15502  col 3520  dup- 1368  E_tx   0.268 Wh  solar   21.00 Wh  SOC 99.3%  deaths 0  [solar]
  willey_summit          tx  3480  rx  10035  col  870  dup-  657  E_tx   0.354 Wh  solar    3.15 Wh  SOC 70.5%  deaths 0  [solar]
  sawyer_river_th        tx  1585  rx   4422  col   60  dup-  369  E_tx   0.161 Wh  solar    3.14 Wh  SOC 71.1%  deaths 0  [solar]
  waterville_valley      tx  1918  rx   7330  col  629  dup-  572  E_tx   0.195 Wh  solar    0.00 Wh  SOC 100.0%  deaths 0  [grid]
  kanc_pass              tx  1330  rx   2211  col   60  dup-   61  E_tx   0.135 Wh  solar    3.14 Wh  SOC 71.2%  deaths 0  [solar]
  osceola_summit         tx  2145  rx   9050  col 1302  dup-  720  E_tx   0.218 Wh  solar    3.12 Wh  SOC 70.8%  deaths 0  [solar]
  greeley_ponds          tx  1720  rx   3714  col  494  dup-   73  E_tx   0.175 Wh  solar    3.15 Wh  SOC 71.1%  deaths 0  [solar]
  tripyramid_n           tx  1603  rx   4788  col   90  dup-  481  E_tx   0.163 Wh  solar    3.08 Wh  SOC 70.9%  deaths 0  [solar]
  sandwich_dome          tx  1729  rx   6651  col  486  dup-  765  E_tx   0.176 Wh  solar    3.13 Wh  SOC 71.0%  deaths 0  [solar]
  whiteface_summit       tx  2482  rx   7736  col  864  dup-  662  E_tx   0.252 Wh  solar   20.74 Wh  SOC 99.3%  deaths 0  [solar]
  passaconaway           tx  2109  rx   9069  col 2190  dup-  538  E_tx   0.215 Wh  solar   21.00 Wh  SOC 99.3%  deaths 0  [solar]
  ferncroft_th           tx  1756  rx   4591  col  265  dup-  348  E_tx   0.179 Wh  solar    3.14 Wh  SOC 71.0%  deaths 0  [solar]
  welch_dickey_th        tx   851  rx   1406  col    5  dup-   48  E_tx   0.087 Wh  solar    3.12 Wh  SOC 71.3%  deaths 0  [solar]
  chocorua_summit        tx  1711  rx   2357  col   29  dup-   26  E_tx   0.174 Wh  solar    3.12 Wh  SOC 71.0%  deaths 0  [solar]
  piper_th               tx  1454  rx   3452  col   80  dup-  231  E_tx   0.148 Wh  solar    3.05 Wh  SOC 70.8%  deaths 0  [solar]
  ravine_lodge           tx   719  rx   1058  col    4  dup-   58  E_tx   0.073 Wh  solar    0.00 Wh  SOC 100.0%  deaths 0  [grid]
  moosilauke_summit      tx   915  rx   2023  col  144  dup-   82  E_tx   0.093 Wh  solar   20.98 Wh  SOC 99.4%  deaths 0  [solar]
  kinsman_notch          tx   778  rx    884  col    4  dup-    5  E_tx   0.079 Wh  solar    3.06 Wh  SOC 71.1%  deaths 0  [solar]
  glencliff_th           tx   851  rx   1259  col    1  dup-   68  E_tx   0.087 Wh  solar    3.13 Wh  SOC 71.3%  deaths 0  [solar]
  gorham_info            tx   945  rx   1810  col   43  dup-    3  E_tx   0.096 Wh  solar    0.00 Wh  SOC 100.0%  deaths 0  [grid]
  carter_dome            tx  7209  rx  39157  col 24669  dup- 2703  E_tx   0.733 Wh  solar   20.95 Wh  SOC 98.8%  deaths 0  [solar]
  imp_shelter            tx  3562  rx  19827  col 2549  dup- 1856  E_tx   0.362 Wh  solar   20.80 Wh  SOC 99.0%  deaths 0  [solar]
  moriah_summit          tx  3053  rx   7270  col  353  dup-  103  E_tx   0.311 Wh  solar   20.46 Wh  SOC 98.9%  deaths 0  [solar]
  baldface_s             tx  4049  rx   8264  col  516  dup-  159  E_tx   0.412 Wh  solar    3.15 Wh  SOC 70.3%  deaths 0  [solar]
  mt_hayes               tx  1230  rx   2816  col  184  dup-   33  E_tx   0.125 Wh  solar    3.10 Wh  SOC 71.1%  deaths 0  [solar]
  gentian_pond           tx  1669  rx   3879  col  134  dup-   57  E_tx   0.170 Wh  solar    3.12 Wh  SOC 71.0%  deaths 0  [solar]
  success_summit         tx   759  rx   2666  col  402  dup-   58  E_tx   0.077 Wh  solar    3.15 Wh  SOC 71.4%  deaths 0  [solar]
  berlin_gateway         tx   490  rx    558  col    0  dup-    0  E_tx   0.050 Wh  solar    0.00 Wh  SOC 100.0%  deaths 0  [grid]
  cabot_summit           tx  1042  rx   1542  col   43  dup-   45  E_tx   0.106 Wh  solar   20.72 Wh  SOC 99.4%  deaths 0  [solar]
  unknown_pond           tx  1154  rx   3317  col  167  dup-  308  E_tx   0.117 Wh  solar    3.11 Wh  SOC 71.1%  deaths 0  [solar]
  percy_peaks            tx  1267  rx   1560  col   32  dup-   39  E_tx   0.129 Wh  solar    3.11 Wh  SOC 71.1%  deaths 0  [solar]
  nash_stream_th         tx   896  rx   2986  col   33  dup-  469  E_tx   0.091 Wh  solar    3.07 Wh  SOC 71.1%  deaths 0  [solar]
  waumbek_summit         tx  1944  rx   3713  col   38  dup-    0  E_tx   0.198 Wh  solar    3.07 Wh  SOC 70.8%  deaths 0  [solar]
  cherry_mtn             tx  4654  rx  12648  col  705  dup-  863  E_tx   0.473 Wh  solar    3.15 Wh  SOC 70.1%  deaths 0  [solar]
  cardigan_lodge         tx   273  rx    369  col    1  dup-   20  E_tx   0.028 Wh  solar    0.00 Wh  SOC 100.0%  deaths 0  [grid]
  cardigan_summit        tx   271  rx    375  col    0  dup-   22  E_tx   0.028 Wh  solar    3.15 Wh  SOC 71.5%  deaths 0  [solar]
  sunapee_summit         tx     2  rx      2  col    0  dup-    0  E_tx   0.000 Wh  solar    0.00 Wh  SOC 100.0%  deaths 0  [grid]
  ragged_mtn             tx   192  rx    192  col    0  dup-    0  E_tx   0.020 Wh  solar    3.15 Wh  SOC 71.6%  deaths 0  [solar]
  gunstock_top           tx   388  rx   1889  col  116  dup-  355  E_tx   0.039 Wh  solar    0.00 Wh  SOC 100.0%  deaths 0  [grid]
  major_summit           tx   601  rx   1583  col   73  dup-  141  E_tx   0.061 Wh  solar    3.12 Wh  SOC 71.3%  deaths 0  [solar]
  shaw_summit            tx   981  rx   1293  col   25  dup-   23  E_tx   0.100 Wh  solar    3.15 Wh  SOC 71.3%  deaths 0  [solar]
  monadnock_hq           tx   354  rx    958  col   12  dup-  127  E_tx   0.036 Wh  solar    0.00 Wh  SOC 100.0%  deaths 0  [grid]
  monadnock_summit       tx   446  rx    712  col   11  dup-   33  E_tx   0.045 Wh  solar    3.15 Wh  SOC 71.5%  deaths 0  [solar]
  dublin_th              tx   453  rx    683  col    1  dup-   24  E_tx   0.046 Wh  solar    3.15 Wh  SOC 71.5%  deaths 0  [solar]
  miller_hq              tx   410  rx    457  col    0  dup-   15  E_tx   0.042 Wh  solar    0.00 Wh  SOC 100.0%  deaths 0  [grid]
  pack_monadnock         tx   412  rx    809  col   57  dup-   14  E_tx   0.042 Wh  solar    3.15 Wh  SOC 71.5%  deaths 0  [solar]
  smarts_mtn             tx   846  rx    901  col    0  dup-   16  E_tx   0.086 Wh  solar    3.15 Wh  SOC 71.4%  deaths 0  [solar]
  lyme_dorchester_th     tx   841  rx   2039  col  124  dup-   97  E_tx   0.086 Wh  solar    3.15 Wh  SOC 71.4%  deaths 0  [solar]
  winslow_hq             tx   231  rx    281  col    0  dup-   15  E_tx   0.023 Wh  solar    0.00 Wh  SOC 100.0%  deaths 0  [grid]
  kearsarge_summit       tx   230  rx    284  col    0  dup-   16  E_tx   0.023 Wh  solar    3.15 Wh  SOC 71.6%  deaths 0  [solar]
  cranmore_top           tx   859  rx   1326  col   23  dup-   68  E_tx   0.087 Wh  solar    0.00 Wh  SOC 100.0%  deaths 0  [grid]
  kearsarge_north        tx   802  rx   1553  col   57  dup-   96  E_tx   0.082 Wh  solar    3.15 Wh  SOC 71.4%  deaths 0  [solar]
  pawtuckaway_hq         tx   189  rx    189  col    0  dup-    0  E_tx   0.019 Wh  solar    0.00 Wh  SOC 100.0%  deaths 0  [grid]
  pawtuckaway_tower      tx   190  rx    189  col    0  dup-    0  E_tx   0.019 Wh  solar    3.15 Wh  SOC 71.6%  deaths 0  [solar]
  pisgah_hq              tx   611  rx   1636  col   49  dup-  156  E_tx   0.062 Wh  solar    0.00 Wh  SOC 100.0%  deaths 0  [grid]
  pisgah_ridge           tx   614  rx   1650  col   84  dup-  155  E_tx   0.062 Wh  solar    3.15 Wh  SOC 71.4%  deaths 0  [solar]
  uncanoonuc_s           tx     0  rx      0  col    0  dup-    0  E_tx   0.000 Wh  solar    0.00 Wh  SOC 100.0%  deaths 0  [grid]
  blue_job               tx     0  rx      0  col    0  dup-    0  E_tx   0.000 Wh  solar    0.00 Wh  SOC 100.0%  deaths 0  [grid]
  balsams_gateway        tx   192  rx    192  col    0  dup-    0  E_tx   0.020 Wh  solar    0.00 Wh  SOC 100.0%  deaths 0  [grid]
  table_rock             tx   192  rx    192  col    0  dup-    0  E_tx   0.020 Wh  solar    3.13 Wh  SOC 71.5%  deaths 0  [solar]
  pittsburg_village      tx    29  rx     33  col    1  dup-    0  E_tx   0.003 Wh  solar    0.00 Wh  SOC 100.0%  deaths 0  [grid]
  magalloway_tower       tx     0  rx      1  col    0  dup-    0  E_tx   0.000 Wh  solar    3.08 Wh  SOC 71.4%  deaths 0  [solar]
  pulpit_rock            tx  5795  rx  15672  col 1834  dup-  846  E_tx   0.589 Wh  solar   20.02 Wh  SOC 98.3%  deaths 0  [solar]
  tremont_summit         tx  1436  rx   4160  col   78  dup-  412  E_tx   0.146 Wh  solar    3.06 Wh  SOC 70.9%  deaths 0  [solar]
  noon_peak              tx  1865  rx   5177  col  129  dup-  504  E_tx   0.190 Wh  solar    3.11 Wh  SOC 70.9%  deaths 0  [solar]
  dickey_ledges          tx  1151  rx   2346  col   45  dup-  105  E_tx   0.117 Wh  solar    3.06 Wh  SOC 71.0%  deaths 0  [solar]
  tecumseh_ski_top       tx  1723  rx   6934  col  335  dup-  768  E_tx   0.175 Wh  solar    0.00 Wh  SOC 100.0%  deaths 0  [grid]
  blue_ridge_ledge       tx   826  rx   1446  col   44  dup-    9  E_tx   0.084 Wh  solar   20.74 Wh  SOC 99.3%  deaths 0  [solar]
  north_carter           tx  2687  rx  13852  col  599  dup- 1496  E_tx   0.273 Wh  solar    3.10 Wh  SOC 70.6%  deaths 0  [solar]
  the_horn               tx  1328  rx   5136  col 1179  dup-  290  E_tx   0.135 Wh  solar   20.42 Wh  SOC 99.1%  deaths 0  [solar]
  victor_head            tx  1145  rx   3632  col  118  dup-  313  E_tx   0.116 Wh  solar    3.15 Wh  SOC 71.2%  deaths 0  [solar]
  ragged_ski_base        tx   192  rx    192  col    0  dup-    0  E_tx   0.020 Wh  solar    0.00 Wh  SOC 100.0%  deaths 0  [grid]
  castle_clouds          tx   774  rx   2071  col   42  dup-  296  E_tx   0.079 Wh  solar    0.00 Wh  SOC 100.0%  deaths 0  [grid]
  dartmouth_skiway       tx   745  rx   1273  col   18  dup-   96  E_tx   0.076 Wh  solar    0.00 Wh  SOC 100.0%  deaths 0  [grid]
  holts_ledge            tx   689  rx   1762  col  110  dup-  231  E_tx   0.070 Wh  solar    3.13 Wh  SOC 71.3%  deaths 0  [solar]
  first_lake_dam         tx    44  rx     99  col    5  dup-    0  E_tx   0.004 Wh  solar    0.00 Wh  SOC 100.0%  deaths 0  [grid]
  moosilauke_s_peak      tx   766  rx   2367  col  262  dup-  230  E_tx   0.078 Wh  solar   20.99 Wh  SOC 99.4%  deaths 0  [solar]
  belknap_summit         tx   626  rx   1350  col   18  dup-  108  E_tx   0.064 Wh  solar    3.15 Wh  SOC 71.4%  deaths 0  [solar]
  newbury_station        tx    23  rx     25  col    0  dup-    0  E_tx   0.002 Wh  solar    0.00 Wh  SOC 100.0%  deaths 0  [grid]
  kilkenny_lookout       tx  1152  rx   2506  col   84  dup-  298  E_tx   0.117 Wh  solar    3.09 Wh  SOC 71.1%  deaths 0  [solar]
  stark_village          tx  1001  rx   4312  col  195  dup-  527  E_tx   0.102 Wh  solar    0.00 Wh  SOC 100.0%  deaths 0  [grid]
  signal_ridge           tx  2266  rx   7732  col  371  dup-  677  E_tx   0.230 Wh  solar   20.33 Wh  SOC 99.3%  deaths 0  [solar]
  white_ledge_cg         tx  1653  rx   4726  col  237  dup-  441  E_tx   0.168 Wh  solar    0.00 Wh  SOC 100.0%  deaths 0  [grid]
  notchland_inn          tx  2124  rx   7412  col  329  dup-  611  E_tx   0.216 Wh  solar    0.00 Wh  SOC 100.0%  deaths 0  [grid]
  mt_hight               tx  5484  rx  13013  col 1039  dup- 1282  E_tx   0.558 Wh  solar   19.97 Wh  SOC 98.3%  deaths 0  [solar]
  south_carter           tx  5249  rx  30267  col 8904  dup- 3374  E_tx   0.534 Wh  solar   20.99 Wh  SOC 99.2%  deaths 0  [solar]
  piper_mtn_belknap      tx   619  rx   1397  col   21  dup-  123  E_tx   0.063 Wh  solar    3.13 Wh  SOC 71.4%  deaths 0  [solar]
  jennings_peak          tx  2693  rx   8795  col 1549  dup-  494  E_tx   0.274 Wh  solar    3.12 Wh  SOC 70.7%  deaths 0  [solar]
  welch_ledges           tx  1126  rx   3049  col  193  dup-  150  E_tx   0.115 Wh  solar    3.14 Wh  SOC 71.2%  deaths 0  [solar]
  the_bulge              tx  1113  rx   3318  col  228  dup-  368  E_tx   0.113 Wh  solar    3.08 Wh  SOC 71.0%  deaths 0  [solar]
  turtleback_mtn         tx  1013  rx   2512  col  164  dup-  145  E_tx   0.103 Wh  solar    3.11 Wh  SOC 71.2%  deaths 0  [solar]
  lambert_ridge          tx   858  rx   1361  col   37  dup-   74  E_tx   0.087 Wh  solar    3.11 Wh  SOC 71.2%  deaths 0  [solar]
  black_cap              tx   734  rx   2089  col  119  dup-  237  E_tx   0.075 Wh  solar    3.14 Wh  SOC 71.3%  deaths 0  [solar]
  second_lake_dam        tx    42  rx     44  col    0  dup-    0  E_tx   0.004 Wh  solar    0.00 Wh  SOC 100.0%  deaths 0  [grid]
  middle_carter          tx  2990  rx  21219  col 3003  dup- 2354  E_tx   0.304 Wh  solar    3.12 Wh  SOC 70.6%  deaths 0  [solar]
  zeta_pass              tx  3384  rx  15671  col  751  dup- 1692  E_tx   0.344 Wh  solar    3.05 Wh  SOC 70.2%  deaths 0  [solar]
  smarts_ranger_ledge    tx   825  rx   2313  col  259  dup-  110  E_tx   0.084 Wh  solar    3.11 Wh  SOC 71.2%  deaths 0  [solar]
  hurricane_col          tx   749  rx   2042  col  111  dup-  174  E_tx   0.076 Wh  solar    3.15 Wh  SOC 71.4%  deaths 0  [solar]
  cranmore_ledge         tx   945  rx   2636  col  340  dup-  137  E_tx   0.096 Wh  solar    3.11 Wh  SOC 71.2%  deaths 0  [solar]
  bald_knob_ossipee      tx   841  rx   2944  col  191  dup-  337  E_tx   0.086 Wh  solar    3.12 Wh  SOC 71.3%  deaths 0  [solar]
  mt_roberts             tx  1005  rx   3693  col  391  dup-  322  E_tx   0.102 Wh  solar    3.15 Wh  SOC 71.3%  deaths 0  [solar]
  faraway_ledge          tx   940  rx   2645  col   83  dup-  343  E_tx   0.096 Wh  solar    3.14 Wh  SOC 71.3%  deaths 0  [solar]
  ossipee_saddle         tx  1001  rx   3030  col  196  dup-  281  E_tx   0.102 Wh  solar    3.12 Wh  SOC 71.2%  deaths 0  [solar]
  black_snout            tx  1096  rx   2274  col   93  dup-   83  E_tx   0.111 Wh  solar    3.14 Wh  SOC 71.2%  deaths 0  [solar]
  rockywold_camps        tx   992  rx   2008  col   53  dup-   86  E_tx   0.101 Wh  solar    0.00 Wh  SOC 100.0%  deaths 0  [grid]
  morgan_percival        tx  1120  rx   2226  col  148  dup-   40  E_tx   0.114 Wh  solar    3.13 Wh  SOC 71.2%  deaths 0  [solar]
  rattlesnake_west       tx   975  rx   2269  col  151  dup-  125  E_tx   0.099 Wh  solar    3.14 Wh  SOC 71.3%  deaths 0  [solar]
  red_hill_tower         tx   966  rx   2892  col  259  dup-  201  E_tx   0.098 Wh  solar    3.13 Wh  SOC 71.2%  deaths 0  [solar]
  rumney_village         tx   190  rx    210  col    1  dup-    2  E_tx   0.019 Wh  solar    0.00 Wh  SOC 100.0%  deaths 0  [grid]
  stinson_summit         tx   200  rx    197  col    0  dup-    0  E_tx   0.020 Wh  solar    3.12 Wh  SOC 71.5%  deaths 0  [solar]
  rattlesnake_rumney     tx   443  rx    720  col   15  dup-   28  E_tx   0.045 Wh  solar    3.14 Wh  SOC 71.5%  deaths 0  [solar]
  rumney_cliff_top       tx   428  rx    831  col   27  dup-   41  E_tx   0.044 Wh  solar    3.15 Wh  SOC 71.5%  deaths 0  [solar]
  loon_summit            tx  1598  rx   2357  col   23  dup-   13  E_tx   0.163 Wh  solar    0.00 Wh  SOC 100.0%  deaths 0  [grid]
  owls_head_slide        tx  2489  rx   7031  col  312  dup-  455  E_tx   0.253 Wh  solar    0.00 Wh  SOC 60.8%  deaths 0  [battery]
  thirteen_falls         tx  2461  rx   6234  col  385  dup-  262  E_tx   0.250 Wh  solar    0.00 Wh  SOC 60.8%  deaths 0  [battery]
  mt_hale                tx  4719  rx  10922  col  852  dup-  304  E_tx   0.480 Wh  solar   20.83 Wh  SOC 98.9%  deaths 0  [solar]
  twin_mountain_village  tx  2813  rx   5039  col  205  dup-   92  E_tx   0.286 Wh  solar    0.00 Wh  SOC 100.0%  deaths 0  [grid]
  sugarloaf_middle       tx  3405  rx   5897  col  472  dup-  112  E_tx   0.346 Wh  solar    3.09 Wh  SOC 70.3%  deaths 0  [solar]
  isolation_davis        tx  5127  rx  24273  col 2356  dup- 2892  E_tx   0.522 Wh  solar    0.00 Wh  SOC 60.0%  deaths 0  [battery]
  wild_river_cg          tx  4651  rx  26381  col 5008  dup- 2445  E_tx   0.473 Wh  solar    0.00 Wh  SOC 100.0%  deaths 0  [grid]
  wild_river_blue_brook  tx  4793  rx  22885  col 3436  dup- 1847  E_tx   0.488 Wh  solar    0.00 Wh  SOC 60.1%  deaths 0  [battery]
  north_baldface         tx  1929  rx   4154  col   34  dup-   18  E_tx   0.196 Wh  solar    3.00 Wh  SOC 70.5%  deaths 0  [solar]
  jackson_village        tx   643  rx   1127  col   28  dup-   15  E_tx   0.065 Wh  solar    0.00 Wh  SOC 100.0%  deaths 0  [grid]
  doublehead_n           tx   826  rx   1700  col  147  dup-   18  E_tx   0.084 Wh  solar    3.13 Wh  SOC 71.3%  deaths 0  [solar]
  iron_mtn               tx   743  rx   1198  col   20  dup-   23  E_tx   0.076 Wh  solar    3.14 Wh  SOC 71.3%  deaths 0  [solar]
  mt_cube                tx   332  rx    632  col    0  dup-   56  E_tx   0.034 Wh  solar    3.15 Wh  SOC 71.5%  deaths 0  [solar]
  mead_base              tx  1571  rx   5038  col  134  dup-  422  E_tx   0.160 Wh  solar    0.00 Wh  SOC 100.0%  deaths 0  [grid]
  mt_israel              tx  1994  rx   7414  col 1106  dup-  540  E_tx   0.203 Wh  solar    3.13 Wh  SOC 70.9%  deaths 0  [solar]
  flat_mtn_pond          tx  2036  rx   8838  col 1349  dup-  797  E_tx   0.207 Wh  solar    0.00 Wh  SOC 61.0%  deaths 0  [battery]
  green_mtn_effingham    tx     0  rx      0  col    0  dup-    0  E_tx   0.000 Wh  solar    3.13 Wh  SOC 71.6%  deaths 0  [solar]
  bear_brook_hq          tx   224  rx    274  col    0  dup-   15  E_tx   0.023 Wh  solar    0.00 Wh  SOC 100.0%  deaths 0  [grid]
  bear_brook_tower       tx   228  rx    270  col    0  dup-   11  E_tx   0.023 Wh  solar    3.15 Wh  SOC 71.6%  deaths 0  [solar]
  crotched_base          tx   191  rx    191  col    0  dup-    0  E_tx   0.019 Wh  solar    0.00 Wh  SOC 100.0%  deaths 0  [grid]
  crotched_summit        tx   191  rx    191  col    0  dup-    0  E_tx   0.019 Wh  solar    3.12 Wh  SOC 71.5%  deaths 0  [solar]
  temple_mtn_ledges      tx   413  rx    426  col    0  dup-    5  E_tx   0.042 Wh  solar    3.15 Wh  SOC 71.5%  deaths 0  [solar]
  washington_town        tx   937  rx   2763  col  252  dup-  368  E_tx   0.095 Wh  solar    0.00 Wh  SOC 100.0%  deaths 0  [grid]
  lovewell_mtn           tx  1036  rx   3305  col  505  dup-  290  E_tx   0.105 Wh  solar    3.15 Wh  SOC 71.3%  deaths 0  [solar]
  pillsbury_sp           tx  1061  rx   1716  col   55  dup-  138  E_tx   0.108 Wh  solar    3.15 Wh  SOC 71.3%  deaths 0  [solar]
  kilburn_th             tx   638  rx   1167  col   32  dup-  103  E_tx   0.065 Wh  solar    3.15 Wh  SOC 71.4%  deaths 0  [solar]
  milan_hill             tx     0  rx      0  col    0  dup-    0  E_tx   0.000 Wh  solar    0.00 Wh  SOC 100.0%  deaths 0  [grid]
  sugarloaf_nash         tx   872  rx   3082  col   60  dup-  492  E_tx   0.089 Wh  solar    3.13 Wh  SOC 71.3%  deaths 0  [solar]
  deer_mtn_pittsburg     tx   192  rx    211  col    8  dup-    0  E_tx   0.020 Wh  solar    3.14 Wh  SOC 71.5%  deaths 0  [solar]
  champney_th            tx  1359  rx   2057  col   15  dup-   31  E_tx   0.138 Wh  solar    3.14 Wh  SOC 71.1%  deaths 0  [solar]
  buffalo_rd_lot         tx   377  rx    823  col    7  dup-   90  E_tx   0.038 Wh  solar    0.00 Wh  SOC 100.0%  deaths 0  [grid]
  stinson_lake_gw        tx   199  rx    210  col    0  dup-    0  E_tx   0.020 Wh  solar    0.00 Wh  SOC 100.0%  deaths 0  [grid]
  attitash_base          tx   864  rx   1367  col   18  dup-   32  E_tx   0.088 Wh  solar    0.00 Wh  SOC 100.0%  deaths 0  [grid]
  iron_s_ledge           tx   907  rx   1809  col  105  dup-   25  E_tx   0.092 Wh  solar    3.13 Wh  SOC 71.3%  deaths 0  [solar]
  rocky_branch_knoll     tx   947  rx   2146  col  184  dup-   31  E_tx   0.096 Wh  solar    3.13 Wh  SOC 71.2%  deaths 0  [solar]
  mt_cube_farm           tx   293  rx    673  col    0  dup-   96  E_tx   0.030 Wh  solar    0.00 Wh  SOC 100.0%  deaths 0  [grid]
  cube_s_ledge           tx   339  rx    625  col    0  dup-   49  E_tx   0.034 Wh  solar    3.15 Wh  SOC 71.5%  deaths 0  [solar]
  deer_mtn_cg            tx   191  rx    207  col    0  dup-    1  E_tx   0.019 Wh  solar    0.00 Wh  SOC 100.0%  deaths 0  [grid]
  millen_pond            tx   851  rx   3499  col  480  dup-  477  E_tx   0.087 Wh  solar    3.15 Wh  SOC 71.4%  deaths 0  [solar]
  faxon_hill             tx   917  rx   4005  col  637  dup-  414  E_tx   0.093 Wh  solar    3.14 Wh  SOC 71.3%  deaths 0  [solar]
  greenway_mid           tx   858  rx   4220  col  693  dup-  475  E_tx   0.087 Wh  solar    3.13 Wh  SOC 71.3%  deaths 0  [solar]
  kittredge_hill         tx   943  rx   3479  col  409  dup-  387  E_tx   0.096 Wh  solar    3.15 Wh  SOC 71.3%  deaths 0  [solar]
  bryant_ledge           tx   891  rx   4023  col  646  dup-  440  E_tx   0.091 Wh  solar    3.13 Wh  SOC 71.3%  deaths 0  [solar]
  pisgah_w_knoll         tx   510  rx   1879  col  122  dup-  259  E_tx   0.052 Wh  solar    3.12 Wh  SOC 71.4%  deaths 0  [solar]
  kilburn_ridge          tx   571  rx   2006  col  184  dup-  199  E_tx   0.058 Wh  solar    3.14 Wh  SOC 71.4%  deaths 0  [solar]
  rent_ammo_jewell_loop_0 tx   178  rx  20213  col 6008  dup-    0  E_tx   0.018 Wh  solar    0.00 Wh  SOC 100.0%  deaths 0  [battery]
  rent_ammo_jewell_loop_1 tx   178  rx  19463  col 5744  dup-    0  E_tx   0.018 Wh  solar    0.00 Wh  SOC 100.0%  deaths 0  [battery]
  rent_tuckerman_loop_0  tx   126  rx  13844  col 3599  dup-    0  E_tx   0.013 Wh  solar    0.00 Wh  SOC 100.0%  deaths 0  [battery]
  rent_tuckerman_loop_1  tx   128  rx  13890  col 3440  dup-    0  E_tx   0.013 Wh  solar    0.00 Wh  SOC 100.0%  deaths 0  [battery]
  rent_crawford_traverse_0 tx   154  rx  16732  col 5291  dup-    0  E_tx   0.016 Wh  solar    0.00 Wh  SOC 100.0%  deaths 0  [battery]
  rent_crawford_traverse_1 tx   152  rx  16332  col 5070  dup-    0  E_tx   0.015 Wh  solar    0.00 Wh  SOC 100.0%  deaths 0  [battery]
  rent_valley_way_madison_0 tx   109  rx   7035  col  690  dup-    0  E_tx   0.011 Wh  solar    0.00 Wh  SOC 100.0%  deaths 0  [battery]
  rent_valley_way_madison_1 tx   111  rx   7119  col  624  dup-    0  E_tx   0.011 Wh  solar    0.00 Wh  SOC 100.0%  deaths 0  [battery]
  rent_carter_wildcat_0  tx   113  rx  11223  col 3057  dup-    0  E_tx   0.011 Wh  solar    0.00 Wh  SOC 100.0%  deaths 0  [battery]
  rent_carter_wildcat_1  tx   116  rx  11301  col 2984  dup-    0  E_tx   0.012 Wh  solar    0.00 Wh  SOC 100.0%  deaths 0  [battery]
  rent_great_gulf_osgood_0 tx    74  rx   8457  col 2332  dup-    0  E_tx   0.008 Wh  solar    0.00 Wh  SOC 100.0%  deaths 0  [battery]
  rent_great_gulf_osgood_1 tx    75  rx   9371  col 2783  dup-    0  E_tx   0.008 Wh  solar    0.00 Wh  SOC 100.0%  deaths 0  [battery]
  rent_franconia_ridge_loop_0 tx   113  rx   7059  col 1380  dup-    0  E_tx   0.011 Wh  solar    0.00 Wh  SOC 100.0%  deaths 0  [battery]
  rent_franconia_ridge_loop_1 tx   113  rx   6994  col 1358  dup-    0  E_tx   0.011 Wh  solar    0.00 Wh  SOC 100.0%  deaths 0  [battery]
  rent_lonesome_lake_family_0 tx    37  rx   1704  col  285  dup-    0  E_tx   0.004 Wh  solar    0.00 Wh  SOC 100.0%  deaths 0  [battery]
  rent_lonesome_lake_family_1 tx    36  rx   2580  col  374  dup-    0  E_tx   0.004 Wh  solar    0.00 Wh  SOC 100.0%  deaths 0  [battery]
  rent_pemi_bonds_long_0 tx   208  rx   8798  col  878  dup-    0  E_tx   0.021 Wh  solar    0.00 Wh  SOC 100.0%  deaths 0  [battery]
  rent_pemi_bonds_long_1 tx   209  rx   8036  col  734  dup-    0  E_tx   0.021 Wh  solar    0.00 Wh  SOC 100.0%  deaths 0  [battery]
  rent_moosilauke_gorge_brook_0 tx    80  rx   2841  col  126  dup-    0  E_tx   0.008 Wh  solar    0.00 Wh  SOC 100.0%  deaths 0  [battery]
  rent_moosilauke_gorge_brook_1 tx    81  rx   3020  col  104  dup-    0  E_tx   0.008 Wh  solar    0.00 Wh  SOC 100.0%  deaths 0  [battery]
  rent_osceola_greeley_0 tx   241  rx   7641  col  421  dup-    0  E_tx   0.025 Wh  solar    0.00 Wh  SOC 100.0%  deaths 0  [battery]
  rent_osceola_greeley_1 tx   241  rx   6933  col  447  dup-    0  E_tx   0.025 Wh  solar    0.00 Wh  SOC 100.0%  deaths 0  [battery]
  rent_chocorua_piper_0  tx    48  rx   1853  col  109  dup-    0  E_tx   0.005 Wh  solar    0.00 Wh  SOC 100.0%  deaths 0  [battery]
  rent_chocorua_piper_1  tx    47  rx   2316  col  124  dup-    0  E_tx   0.005 Wh  solar    0.00 Wh  SOC 100.0%  deaths 0  [battery]
  rent_carrigain_signal_ridge_0 tx    94  rx   3799  col  162  dup-    0  E_tx   0.010 Wh  solar    0.00 Wh  SOC 100.0%  deaths 0  [battery]
  rent_carrigain_signal_ridge_1 tx    94  rx   3991  col  162  dup-    0  E_tx   0.010 Wh  solar    0.00 Wh  SOC 100.0%  deaths 0  [battery]
  rent_monadnock_white_dot_0 tx    50  rx   1119  col   21  dup-    0  E_tx   0.005 Wh  solar    0.00 Wh  SOC 100.0%  deaths 0  [battery]
  rent_monadnock_white_dot_1 tx    50  rx   1410  col   45  dup-    0  E_tx   0.005 Wh  solar    0.00 Wh  SOC 100.0%  deaths 0  [battery]
  rent_cardigan_west_ridge_0 tx    51  rx   1417  col   25  dup-    0  E_tx   0.005 Wh  solar    0.00 Wh  SOC 100.0%  deaths 0  [battery]
  rent_cardigan_west_ridge_1 tx    51  rx   1796  col   32  dup-    0  E_tx   0.005 Wh  solar    0.00 Wh  SOC 100.0%  deaths 0  [battery]
  rent_belknap_range_walk_0 tx    90  rx   2958  col   93  dup-    0  E_tx   0.009 Wh  solar    0.00 Wh  SOC 100.0%  deaths 0  [battery]
  rent_belknap_range_walk_1 tx    91  rx   2970  col   85  dup-    0  E_tx   0.009 Wh  solar    0.00 Wh  SOC 100.0%  deaths 0  [battery]
  rent_kearsarge_winslow_0 tx    26  rx    528  col   13  dup-    0  E_tx   0.003 Wh  solar    0.00 Wh  SOC 100.0%  deaths 0  [battery]
  rent_kearsarge_winslow_1 tx    27  rx    911  col   23  dup-    0  E_tx   0.003 Wh  solar    0.00 Wh  SOC 100.0%  deaths 0  [battery]
  rent_pack_monadnock_loop_0 tx    21  rx    405  col    5  dup-    0  E_tx   0.002 Wh  solar    0.00 Wh  SOC 100.0%  deaths 0  [battery]
  rent_pack_monadnock_loop_1 tx    22  rx    644  col    9  dup-    0  E_tx   0.002 Wh  solar    0.00 Wh  SOC 100.0%  deaths 0  [battery]
  rent_squam_morgan_percival_0 tx    47  rx   1589  col   77  dup-    0  E_tx   0.005 Wh  solar    0.00 Wh  SOC 100.0%  deaths 0  [battery]
  rent_squam_morgan_percival_1 tx    48  rx   2115  col  121  dup-    0  E_tx   0.005 Wh  solar    0.00 Wh  SOC 100.0%  deaths 0  [battery]
  rent_rumney_rattlesnake_0 tx    54  rx   1621  col   51  dup-    0  E_tx   0.005 Wh  solar    0.00 Wh  SOC 100.0%  deaths 0  [battery]
  rent_rumney_rattlesnake_1 tx    54  rx   2028  col   69  dup-    0  E_tx   0.005 Wh  solar    0.00 Wh  SOC 100.0%  deaths 0  [battery]
  rent_owls_head_marathon_0 tx   108  rx   5169  col  509  dup-    0  E_tx   0.011 Wh  solar    0.00 Wh  SOC 100.0%  deaths 0  [battery]
  rent_owls_head_marathon_1 tx   111  rx   5154  col  487  dup-    0  E_tx   0.011 Wh  solar    0.00 Wh  SOC 100.0%  deaths 0  [battery]
  rent_isolation_glen_boulder_0 tx   213  rx  20679  col 5500  dup-    0  E_tx   0.022 Wh  solar    0.00 Wh  SOC 100.0%  deaths 0  [battery]
  rent_isolation_glen_boulder_1 tx   212  rx  19546  col 5302  dup-    0  E_tx   0.022 Wh  solar    0.00 Wh  SOC 100.0%  deaths 0  [battery]
  rent_hale_zealand_loop_0 tx   252  rx  10067  col  978  dup-    0  E_tx   0.026 Wh  solar    0.00 Wh  SOC 100.0%  deaths 0  [battery]
  rent_hale_zealand_loop_1 tx   252  rx   8953  col  752  dup-    0  E_tx   0.026 Wh  solar    0.00 Wh  SOC 100.0%  deaths 0  [battery]
  rent_baldface_wild_river_0 tx   174  rx   9813  col 1323  dup-    0  E_tx   0.018 Wh  solar    0.00 Wh  SOC 100.0%  deaths 0  [battery]
  rent_baldface_wild_river_1 tx   175  rx   9269  col 1235  dup-    0  E_tx   0.018 Wh  solar    0.00 Wh  SOC 100.0%  deaths 0  [battery]
  rent_bear_brook_loop_0 tx    23  rx    462  col    8  dup-    0  E_tx   0.002 Wh  solar    0.00 Wh  SOC 100.0%  deaths 0  [battery]
  rent_bear_brook_loop_1 tx    23  rx    756  col   17  dup-    0  E_tx   0.002 Wh  solar    0.00 Wh  SOC 100.0%  deaths 0  [battery]
wrote artifacts/sim/trace_statewide.jsonl, artifacts/sim/summary_statewide.json
