{
  "mode": "energy_aware",
  "days": 2.0,
  "hop_limit": 3,
  "n_renters": 50,
  "beacon_interval_s": 300,
  "n_nodes": 262,
  "daily_kt": [
    0.417,
    0.504
  ],
  "channel_utilization": 0.17994,
  "start_date": "2026-07-10",
  "weather_driven": false,
  "packets_originated": 35880,
  "pdr_overall": 0.9211,
  "sos": {
    "sent": 2,
    "delivered": 2,
    "latencies_s": [
      0.77,
      0.76
    ]
  }
}
struggling links (307 of 603 active):
             crag_camp <-> madison_hut          PRR 0.05  margin  -13.6 dB  (1090 tries)
       garfield_summit <-> hancock_th           PRR 0.05  margin  -13.4 dB  (1318 tries)
        jefferson_lawn <-> madison_summit       PRR 0.05  margin  -13.9 dB  (444 tries)
             kanc_pass <-> loon_summit          PRR 0.05  margin  -13.6 dB  (193 tries)
      sugarloaf_middle <-> twin_mountain_village PRR 0.05  margin  -14.1 dB  (192 tries)
         great_gulf_th <-> pinkham_notch_vc     PRR 0.05  margin  -12.5 dB  (192 tries)
         kinsman_notch <-> moosilauke_summit    PRR 0.05  margin  -13.2 dB  (383 tries)
      blue_ridge_ledge <-> ravine_lodge         PRR 0.05  margin  -14.4 dB  (191 tries)
           carter_dome <-> zeta_pass            PRR 0.05  margin  -13.9 dB  (1046 tries)
           carter_dome <-> madison_summit       PRR 0.05  margin  -13.1 dB  (1107 tries)
          guyot_summit <-> owls_head_slide      PRR 0.05  margin  -12.9 dB  (427 tries)
            glen_house <-> south_carter         PRR 0.06  margin  -14.0 dB  (381 tries)
per-node:
  summit_shermanadams    tx     0  rx   7912  col  102  dup-    0  E_tx   0.000 Wh  solar    0.00 Wh  SOC 100.0%  deaths 0  [grid]
  gateway_marshfield     tx     0  rx   2439  col    6  dup-    0  E_tx   0.000 Wh  solar    0.00 Wh  SOC 100.0%  deaths 0  [grid]
  pinkham_notch_vc       tx     0  rx   2389  col    3  dup-    0  E_tx   0.000 Wh  solar    0.00 Wh  SOC 100.0%  deaths 0  [grid]
  highland_center        tx     0  rx   1045  col    1  dup-    0  E_tx   0.000 Wh  solar    0.00 Wh  SOC 100.0%  deaths 0  [grid]
  lakes_hut              tx   209  rx   2347  col   10  dup-    0  E_tx   0.021 Wh  solar   31.42 Wh  SOC 99.9%  deaths 0  [solar]
  madison_hut            tx   702  rx   1530  col    3  dup-    0  E_tx   0.071 Wh  solar   31.02 Wh  SOC 99.9%  deaths 0  [solar]
  mizpah_hut             tx   192  rx   1794  col    2  dup-    0  E_tx   0.020 Wh  solar   31.28 Wh  SOC 99.6%  deaths 0  [solar]
  carter_notch_hut       tx   194  rx    864  col   13  dup-    0  E_tx   0.020 Wh  solar    4.35 Wh  SOC 75.4%  deaths 0  [solar]
  grayknob_cabin         tx   190  rx   2065  col   11  dup-    0  E_tx   0.019 Wh  solar   31.46 Wh  SOC 99.9%  deaths 0  [solar]
  hermit_lake            tx   191  rx   2344  col    3  dup-    0  E_tx   0.019 Wh  solar   31.03 Wh  SOC 99.5%  deaths 0  [solar]
  crag_camp              tx   392  rx   2545  col    6  dup-    0  E_tx   0.040 Wh  solar   30.78 Wh  SOC 99.5%  deaths 0  [solar]
  dolly_copp             tx   198  rx   1787  col    4  dup-    0  E_tx   0.020 Wh  solar    4.60 Wh  SOC 76.2%  deaths 0  [solar]
  ammo_relay             tx   191  rx   1418  col    0  dup-    0  E_tx   0.019 Wh  solar   30.57 Wh  SOC 99.9%  deaths 0  [solar]
  jewell_relay           tx   190  rx   2770  col    9  dup-    0  E_tx   0.019 Wh  solar   31.15 Wh  SOC 99.9%  deaths 0  [solar]
  clay_relay             tx   527  rx   2466  col   11  dup-    0  E_tx   0.054 Wh  solar   31.43 Wh  SOC 99.9%  deaths 0  [solar]
  monroe_flank           tx   191  rx   4639  col   33  dup-    0  E_tx   0.019 Wh  solar   31.64 Wh  SOC 99.9%  deaths 0  [solar]
  lion_head              tx   389  rx   3587  col   12  dup-    0  E_tx   0.040 Wh  solar   30.96 Wh  SOC 99.5%  deaths 0  [solar]
  boott_spur             tx   214  rx   3188  col   10  dup-    0  E_tx   0.022 Wh  solar   29.66 Wh  SOC 99.5%  deaths 0  [solar]
  jefferson_lawn         tx   193  rx   4330  col   36  dup-    0  E_tx   0.020 Wh  solar   31.35 Wh  SOC 99.9%  deaths 0  [solar]
  thunderstorm_jct       tx   195  rx   4335  col   33  dup-    0  E_tx   0.020 Wh  solar   31.63 Wh  SOC 99.9%  deaths 0  [solar]
  eisenhower_relay       tx   198  rx   3261  col   16  dup-    0  E_tx   0.020 Wh  solar   31.63 Wh  SOC 99.9%  deaths 0  [solar]
  pierce_relay           tx   191  rx   2124  col   12  dup-    0  E_tx   0.019 Wh  solar    4.69 Wh  SOC 76.5%  deaths 0  [solar]
  wildcat_d              tx   555  rx   3839  col   14  dup-    0  E_tx   0.056 Wh  solar    4.70 Wh  SOC 76.4%  deaths 0  [solar]
  nelson_crag            tx   204  rx   5531  col   32  dup-    0  E_tx   0.021 Wh  solar   31.06 Wh  SOC 99.5%  deaths 0  [solar]
  appalachia_th          tx   192  rx   1086  col    1  dup-    0  E_tx   0.020 Wh  solar    4.73 Wh  SOC 76.6%  deaths 0  [solar]
  caps_ridge_th          tx   192  rx   2772  col    7  dup-    0  E_tx   0.020 Wh  solar    4.68 Wh  SOC 76.4%  deaths 0  [solar]
  glen_ellis             tx   202  rx   1653  col    4  dup-    0  E_tx   0.021 Wh  solar    4.58 Wh  SOC 76.1%  deaths 0  [solar]
  great_gulf_th          tx   192  rx   2127  col    3  dup-    0  E_tx   0.020 Wh  solar    4.67 Wh  SOC 76.4%  deaths 0  [solar]
  glen_house             tx   191  rx   3295  col    9  dup-    0  E_tx   0.019 Wh  solar    4.68 Wh  SOC 76.4%  deaths 0  [solar]
  jackson_summit         tx   391  rx   2423  col   12  dup-    0  E_tx   0.040 Wh  solar   31.64 Wh  SOC 99.9%  deaths 0  [solar]
  webster_cliff          tx   193  rx   1587  col    3  dup-    0  E_tx   0.020 Wh  solar    4.73 Wh  SOC 76.6%  deaths 0  [solar]
  cog_skyline            tx   191  rx   2307  col    7  dup-    0  E_tx   0.019 Wh  solar   31.10 Wh  SOC 99.9%  deaths 0  [solar]
  wildcat_a              tx   273  rx   3769  col   13  dup-    0  E_tx   0.028 Wh  solar    4.55 Wh  SOC 76.0%  deaths 0  [solar]
  madison_summit         tx   251  rx   3760  col   28  dup-    0  E_tx   0.026 Wh  solar   31.57 Wh  SOC 99.9%  deaths 0  [solar]
  durand_ridge           tx   269  rx   1223  col    1  dup-    0  E_tx   0.027 Wh  solar    4.75 Wh  SOC 76.6%  deaths 0  [solar]
  cannon_tram_top        tx     0  rx   3071  col    9  dup-    0  E_tx   0.000 Wh  solar    0.00 Wh  SOC 100.0%  deaths 0  [grid]
  lafayette_place        tx     0  rx   1305  col    0  dup-    0  E_tx   0.000 Wh  solar    0.00 Wh  SOC 100.0%  deaths 0  [grid]
  flume_vc               tx     0  rx   1291  col    1  dup-    0  E_tx   0.000 Wh  solar    0.00 Wh  SOC 100.0%  deaths 0  [grid]
  greenleaf_hut          tx   191  rx   1525  col    1  dup-    0  E_tx   0.019 Wh  solar   31.39 Wh  SOC 100.0%  deaths 0  [solar]
  lonesome_lake_hut      tx   192  rx   1644  col    1  dup-    0  E_tx   0.020 Wh  solar    4.70 Wh  SOC 76.5%  deaths 0  [solar]
  lafayette_summit       tx   694  rx   2844  col   14  dup-    0  E_tx   0.071 Wh  solar   31.64 Wh  SOC 99.9%  deaths 0  [solar]
  little_haystack        tx   193  rx   1186  col    0  dup-    0  E_tx   0.020 Wh  solar   29.88 Wh  SOC 99.9%  deaths 0  [solar]
  liberty_summit         tx   191  rx   1214  col    0  dup-    0  E_tx   0.019 Wh  solar   30.49 Wh  SOC 99.9%  deaths 0  [solar]
  kinsman_n              tx   191  rx   1320  col    1  dup-    0  E_tx   0.019 Wh  solar   31.64 Wh  SOC 100.0%  deaths 0  [solar]
  kinsman_pond           tx   194  rx   1622  col    1  dup-    0  E_tx   0.020 Wh  solar    4.65 Wh  SOC 76.3%  deaths 0  [solar]
  lincoln_woods_th       tx     0  rx    586  col    1  dup-    0  E_tx   0.000 Wh  solar    0.00 Wh  SOC 100.0%  deaths 0  [grid]
  garfield_summit        tx  1042  rx   1302  col    2  dup-    0  E_tx   0.106 Wh  solar   31.64 Wh  SOC 99.9%  deaths 0  [solar]
  galehead_hut           tx   404  rx   1557  col    1  dup-    0  E_tx   0.041 Wh  solar   31.23 Wh  SOC 99.9%  deaths 0  [solar]
  south_twin             tx   197  rx   1387  col    2  dup-    0  E_tx   0.020 Wh  solar   31.30 Wh  SOC 99.6%  deaths 0  [solar]
  guyot_summit           tx   237  rx   2379  col    4  dup-    0  E_tx   0.024 Wh  solar   30.57 Wh  SOC 99.5%  deaths 0  [solar]
  bondcliff              tx   382  rx   2250  col    9  dup-    0  E_tx   0.039 Wh  solar   30.61 Wh  SOC 99.9%  deaths 0  [solar]
  zealand_hut            tx   517  rx   2647  col    9  dup-    0  E_tx   0.053 Wh  solar    4.67 Wh  SOC 76.3%  deaths 0  [solar]
  zeacliff               tx   207  rx   2724  col    4  dup-    0  E_tx   0.021 Wh  solar    4.54 Wh  SOC 76.0%  deaths 0  [solar]
  hancock_th             tx   276  rx   1433  col    4  dup-    0  E_tx   0.028 Wh  solar    4.62 Wh  SOC 76.2%  deaths 0  [solar]
  carrigain_summit       tx  1781  rx   1841  col    2  dup-    0  E_tx   0.181 Wh  solar   31.64 Wh  SOC 99.9%  deaths 0  [solar]
  willey_summit          tx   233  rx   2549  col    6  dup-    0  E_tx   0.024 Wh  solar    4.74 Wh  SOC 76.6%  deaths 0  [solar]
  sawyer_river_th        tx   231  rx    767  col    2  dup-    0  E_tx   0.023 Wh  solar    4.73 Wh  SOC 76.6%  deaths 0  [solar]
  waterville_valley      tx     0  rx   1056  col    2  dup-    0  E_tx   0.000 Wh  solar    0.00 Wh  SOC 100.0%  deaths 0  [grid]
  kanc_pass              tx   193  rx    386  col    0  dup-    0  E_tx   0.020 Wh  solar    4.72 Wh  SOC 76.6%  deaths 0  [solar]
  osceola_summit         tx   192  rx   1025  col    4  dup-    0  E_tx   0.020 Wh  solar    4.69 Wh  SOC 76.5%  deaths 0  [solar]
  greeley_ponds          tx   193  rx   1059  col    4  dup-    0  E_tx   0.020 Wh  solar    4.74 Wh  SOC 76.6%  deaths 0  [solar]
  tripyramid_n           tx   300  rx    549  col    0  dup-    0  E_tx   0.031 Wh  solar    4.61 Wh  SOC 76.2%  deaths 0  [solar]
  sandwich_dome          tx   192  rx    583  col    1  dup-    0  E_tx   0.020 Wh  solar    4.70 Wh  SOC 76.5%  deaths 0  [solar]
  whiteface_summit       tx   385  rx    646  col    0  dup-    0  E_tx   0.039 Wh  solar   31.14 Wh  SOC 99.9%  deaths 0  [solar]
  passaconaway           tx   807  rx   2148  col   25  dup-    0  E_tx   0.082 Wh  solar   31.65 Wh  SOC 99.9%  deaths 0  [solar]
  ferncroft_th           tx   985  rx    933  col    0  dup-    0  E_tx   0.100 Wh  solar    4.72 Wh  SOC 76.3%  deaths 0  [solar]
  welch_dickey_th        tx   193  rx    234  col    0  dup-    0  E_tx   0.020 Wh  solar    4.68 Wh  SOC 76.4%  deaths 0  [solar]
  chocorua_summit        tx   192  rx    898  col    0  dup-    0  E_tx   0.020 Wh  solar    4.68 Wh  SOC 76.4%  deaths 0  [solar]
  piper_th               tx   386  rx   1046  col    0  dup-    0  E_tx   0.039 Wh  solar    4.55 Wh  SOC 76.0%  deaths 0  [solar]
  ravine_lodge           tx     0  rx    755  col    0  dup-    0  E_tx   0.000 Wh  solar    0.00 Wh  SOC 100.0%  deaths 0  [grid]
  moosilauke_summit      tx   193  rx    958  col    0  dup-    0  E_tx   0.020 Wh  solar   31.62 Wh  SOC 100.0%  deaths 0  [solar]
  kinsman_notch          tx   192  rx    203  col    0  dup-    0  E_tx   0.020 Wh  solar    4.56 Wh  SOC 76.1%  deaths 0  [solar]
  glencliff_th           tx   191  rx    714  col    0  dup-    0  E_tx   0.019 Wh  solar    4.70 Wh  SOC 76.5%  deaths 0  [solar]
  gorham_info            tx     0  rx    171  col    0  dup-    0  E_tx   0.000 Wh  solar    0.00 Wh  SOC 100.0%  deaths 0  [grid]
  carter_dome            tx   856  rx   3035  col   19  dup-    0  E_tx   0.087 Wh  solar   31.55 Wh  SOC 99.8%  deaths 0  [solar]
  imp_shelter            tx   407  rx   1260  col    5  dup-    0  E_tx   0.041 Wh  solar   31.25 Wh  SOC 99.5%  deaths 0  [solar]
  moriah_summit          tx   728  rx    707  col    2  dup-    0  E_tx   0.074 Wh  solar   30.58 Wh  SOC 99.5%  deaths 0  [solar]
  baldface_s             tx   192  rx   1118  col    5  dup-    0  E_tx   0.020 Wh  solar    4.74 Wh  SOC 76.6%  deaths 0  [solar]
  mt_hayes               tx   194  rx    758  col   50  dup-    0  E_tx   0.020 Wh  solar    4.65 Wh  SOC 76.3%  deaths 0  [solar]
  gentian_pond           tx   539  rx   1055  col   42  dup-    0  E_tx   0.055 Wh  solar    4.68 Wh  SOC 76.3%  deaths 0  [solar]
  success_summit         tx   375  rx    661  col    1  dup-    0  E_tx   0.038 Wh  solar    4.74 Wh  SOC 76.6%  deaths 0  [solar]
  berlin_gateway         tx     0  rx    280  col    0  dup-    0  E_tx   0.000 Wh  solar    0.00 Wh  SOC 100.0%  deaths 0  [grid]
  cabot_summit           tx   192  rx    600  col    2  dup-    0  E_tx   0.020 Wh  solar   31.11 Wh  SOC 99.9%  deaths 0  [solar]
  unknown_pond           tx   193  rx   1620  col    4  dup-    0  E_tx   0.020 Wh  solar    4.68 Wh  SOC 76.4%  deaths 0  [solar]
  percy_peaks            tx   193  rx   1008  col    2  dup-    0  E_tx   0.020 Wh  solar    4.67 Wh  SOC 76.4%  deaths 0  [solar]
  nash_stream_th         tx   192  rx    393  col    0  dup-    0  E_tx   0.020 Wh  solar    4.59 Wh  SOC 76.1%  deaths 0  [solar]
  waumbek_summit         tx   191  rx    290  col    0  dup-    0  E_tx   0.019 Wh  solar    4.59 Wh  SOC 76.2%  deaths 0  [solar]
  cherry_mtn             tx   336  rx    947  col    0  dup-    0  E_tx   0.034 Wh  solar    4.74 Wh  SOC 76.6%  deaths 0  [solar]
  cardigan_lodge         tx     0  rx    288  col    0  dup-    0  E_tx   0.000 Wh  solar    0.00 Wh  SOC 100.0%  deaths 0  [grid]
  cardigan_summit        tx   192  rx    100  col    0  dup-    0  E_tx   0.020 Wh  solar    4.75 Wh  SOC 76.7%  deaths 0  [solar]
  sunapee_summit         tx     0  rx      0  col    0  dup-    0  E_tx   0.000 Wh  solar    0.00 Wh  SOC 100.0%  deaths 0  [grid]
  ragged_mtn             tx   191  rx      0  col    0  dup-    0  E_tx   0.019 Wh  solar    4.75 Wh  SOC 76.7%  deaths 0  [solar]
  gunstock_top           tx     0  rx    733  col    2  dup-    0  E_tx   0.000 Wh  solar    0.00 Wh  SOC 100.0%  deaths 0  [grid]
  major_summit           tx   195  rx    516  col    1  dup-    0  E_tx   0.020 Wh  solar    4.69 Wh  SOC 76.5%  deaths 0  [solar]
  shaw_summit            tx   191  rx    463  col    3  dup-    0  E_tx   0.019 Wh  solar    4.74 Wh  SOC 76.6%  deaths 0  [solar]
  monadnock_hq           tx     0  rx    476  col    0  dup-    0  E_tx   0.000 Wh  solar    0.00 Wh  SOC 100.0%  deaths 0  [grid]
  monadnock_summit       tx   193  rx    222  col    0  dup-    0  E_tx   0.020 Wh  solar    4.75 Wh  SOC 76.7%  deaths 0  [solar]
  dublin_th              tx   192  rx    201  col    0  dup-    0  E_tx   0.020 Wh  solar    4.74 Wh  SOC 76.6%  deaths 0  [solar]
  miller_hq              tx     0  rx    429  col    0  dup-    0  E_tx   0.000 Wh  solar    0.00 Wh  SOC 100.0%  deaths 0  [grid]
  pack_monadnock         tx   387  rx    233  col    0  dup-    0  E_tx   0.039 Wh  solar    4.75 Wh  SOC 76.6%  deaths 0  [solar]
  smarts_mtn             tx   193  rx    601  col    5  dup-    0  E_tx   0.020 Wh  solar    4.75 Wh  SOC 76.6%  deaths 0  [solar]
  lyme_dorchester_th     tx   745  rx   1512  col   35  dup-    0  E_tx   0.076 Wh  solar    4.74 Wh  SOC 76.5%  deaths 0  [solar]
  winslow_hq             tx     0  rx    249  col    0  dup-    0  E_tx   0.000 Wh  solar    0.00 Wh  SOC 100.0%  deaths 0  [grid]
  kearsarge_summit       tx   198  rx     52  col    0  dup-    0  E_tx   0.020 Wh  solar    4.75 Wh  SOC 76.7%  deaths 0  [solar]
  cranmore_top           tx     0  rx    956  col    4  dup-    0  E_tx   0.000 Wh  solar    0.00 Wh  SOC 100.0%  deaths 0  [grid]
  kearsarge_north        tx   192  rx    970  col   26  dup-    0  E_tx   0.020 Wh  solar    4.74 Wh  SOC 76.6%  deaths 0  [solar]
  pawtuckaway_hq         tx     0  rx    190  col    0  dup-    0  E_tx   0.000 Wh  solar    0.00 Wh  SOC 100.0%  deaths 0  [grid]
  pawtuckaway_tower      tx   191  rx      0  col    0  dup-    0  E_tx   0.019 Wh  solar    4.75 Wh  SOC 76.7%  deaths 0  [solar]
  pisgah_hq              tx     0  rx    786  col    0  dup-    0  E_tx   0.000 Wh  solar    0.00 Wh  SOC 100.0%  deaths 0  [grid]
  pisgah_ridge           tx   192  rx    616  col    0  dup-    0  E_tx   0.020 Wh  solar    4.75 Wh  SOC 76.6%  deaths 0  [solar]
  uncanoonuc_s           tx     0  rx      0  col    0  dup-    0  E_tx   0.000 Wh  solar    0.00 Wh  SOC 100.0%  deaths 0  [grid]
  blue_job               tx     0  rx      0  col    0  dup-    0  E_tx   0.000 Wh  solar    0.00 Wh  SOC 100.0%  deaths 0  [grid]
  balsams_gateway        tx     0  rx    192  col    0  dup-    0  E_tx   0.000 Wh  solar    0.00 Wh  SOC 100.0%  deaths 0  [grid]
  table_rock             tx   192  rx      0  col    0  dup-    0  E_tx   0.020 Wh  solar    4.72 Wh  SOC 76.6%  deaths 0  [solar]
  pittsburg_village      tx     0  rx      5  col    0  dup-    0  E_tx   0.000 Wh  solar    0.00 Wh  SOC 100.0%  deaths 0  [grid]
  magalloway_tower       tx     0  rx      0  col    0  dup-    0  E_tx   0.000 Wh  solar    4.60 Wh  SOC 76.2%  deaths 0  [solar]
  pulpit_rock            tx   415  rx   1402  col    2  dup-    0  E_tx   0.042 Wh  solar   29.70 Wh  SOC 99.5%  deaths 0  [solar]
  tremont_summit         tx   193  rx    370  col    1  dup-    0  E_tx   0.020 Wh  solar    4.58 Wh  SOC 76.1%  deaths 0  [solar]
  noon_peak              tx   192  rx    606  col    0  dup-    0  E_tx   0.020 Wh  solar    4.66 Wh  SOC 76.4%  deaths 0  [solar]
  dickey_ledges          tx   193  rx    257  col    0  dup-    0  E_tx   0.020 Wh  solar    4.56 Wh  SOC 76.1%  deaths 0  [solar]
  tecumseh_ski_top       tx     0  rx   1125  col    0  dup-    0  E_tx   0.000 Wh  solar    0.00 Wh  SOC 100.0%  deaths 0  [grid]
  blue_ridge_ledge       tx   191  rx    374  col    0  dup-    0  E_tx   0.019 Wh  solar   31.13 Wh  SOC 99.5%  deaths 0  [solar]
  north_carter           tx   195  rx    845  col    0  dup-    0  E_tx   0.020 Wh  solar    4.64 Wh  SOC 76.3%  deaths 0  [solar]
  the_horn               tx  1100  rx   1071  col    2  dup-    0  E_tx   0.112 Wh  solar   30.50 Wh  SOC 99.5%  deaths 0  [solar]
  victor_head            tx   192  rx   1095  col    1  dup-    0  E_tx   0.020 Wh  solar    4.74 Wh  SOC 76.6%  deaths 0  [solar]
  ragged_ski_base        tx     0  rx    191  col    0  dup-    0  E_tx   0.000 Wh  solar    0.00 Wh  SOC 100.0%  deaths 0  [grid]
  castle_clouds          tx     0  rx   1506  col    0  dup-    0  E_tx   0.000 Wh  solar    0.00 Wh  SOC 100.0%  deaths 0  [grid]
  dartmouth_skiway       tx     0  rx   1451  col    4  dup-    0  E_tx   0.000 Wh  solar    0.00 Wh  SOC 100.0%  deaths 0  [grid]
  holts_ledge            tx   938  rx    815  col    1  dup-    0  E_tx   0.095 Wh  solar    4.70 Wh  SOC 76.3%  deaths 0  [solar]
  first_lake_dam         tx     0  rx     16  col    0  dup-    0  E_tx   0.000 Wh  solar    0.00 Wh  SOC 100.0%  deaths 0  [grid]
  moosilauke_s_peak      tx   583  rx    536  col    0  dup-    0  E_tx   0.059 Wh  solar   31.63 Wh  SOC 100.0%  deaths 0  [solar]
  belknap_summit         tx   192  rx    426  col    1  dup-    0  E_tx   0.020 Wh  solar    4.74 Wh  SOC 76.6%  deaths 0  [solar]
  newbury_station        tx     0  rx      4  col    0  dup-    0  E_tx   0.000 Wh  solar    0.00 Wh  SOC 100.0%  deaths 0  [grid]
  kilkenny_lookout       tx   191  rx   1267  col    3  dup-    0  E_tx   0.019 Wh  solar    4.63 Wh  SOC 76.3%  deaths 0  [solar]
  stark_village          tx     0  rx   1719  col    3  dup-    0  E_tx   0.000 Wh  solar    0.00 Wh  SOC 100.0%  deaths 0  [grid]
  signal_ridge           tx   213  rx   2466  col    5  dup-    0  E_tx   0.022 Wh  solar   30.32 Wh  SOC 99.9%  deaths 0  [solar]
  white_ledge_cg         tx     0  rx   1719  col    3  dup-    0  E_tx   0.000 Wh  solar    0.00 Wh  SOC 100.0%  deaths 0  [grid]
  notchland_inn          tx     0  rx   2378  col    9  dup-    0  E_tx   0.000 Wh  solar    0.00 Wh  SOC 100.0%  deaths 0  [grid]
  mt_hight               tx   196  rx   1244  col    3  dup-    0  E_tx   0.020 Wh  solar   29.59 Wh  SOC 99.5%  deaths 0  [solar]
  south_carter           tx   192  rx   1966  col    5  dup-    0  E_tx   0.020 Wh  solar   31.64 Wh  SOC 99.9%  deaths 0  [solar]
  piper_mtn_belknap      tx   191  rx    445  col    0  dup-    0  E_tx   0.019 Wh  solar    4.71 Wh  SOC 76.5%  deaths 0  [solar]
  jennings_peak          tx   192  rx   1913  col    2  dup-    0  E_tx   0.020 Wh  solar    4.68 Wh  SOC 76.4%  deaths 0  [solar]
  welch_ledges           tx   191  rx    389  col    0  dup-    0  E_tx   0.019 Wh  solar    4.73 Wh  SOC 76.6%  deaths 0  [solar]
  the_bulge              tx   383  rx   1485  col    3  dup-    0  E_tx   0.039 Wh  solar    4.60 Wh  SOC 76.1%  deaths 0  [solar]
  turtleback_mtn         tx   191  rx   1843  col    0  dup-    0  E_tx   0.019 Wh  solar    4.67 Wh  SOC 76.4%  deaths 0  [solar]
  lambert_ridge          tx   191  rx   1109  col   39  dup-    0  E_tx   0.019 Wh  solar    4.67 Wh  SOC 76.4%  deaths 0  [solar]
  black_cap              tx   576  rx   1202  col   54  dup-    0  E_tx   0.059 Wh  solar    4.72 Wh  SOC 76.4%  deaths 0  [solar]
  second_lake_dam        tx     0  rx      0  col    0  dup-    0  E_tx   0.000 Wh  solar    0.00 Wh  SOC 100.0%  deaths 0  [grid]
  middle_carter          tx   192  rx   1444  col    5  dup-    0  E_tx   0.020 Wh  solar    4.68 Wh  SOC 76.4%  deaths 0  [solar]
  zeta_pass              tx   192  rx    657  col    0  dup-    0  E_tx   0.020 Wh  solar    4.55 Wh  SOC 76.0%  deaths 0  [solar]
  smarts_ranger_ledge    tx   574  rx   1130  col    4  dup-    0  E_tx   0.058 Wh  solar    4.67 Wh  SOC 76.3%  deaths 0  [solar]
  hurricane_col          tx   384  rx   1154  col    0  dup-    0  E_tx   0.039 Wh  solar    4.74 Wh  SOC 76.6%  deaths 0  [solar]
  cranmore_ledge         tx   769  rx   1092  col    3  dup-    0  E_tx   0.078 Wh  solar    4.67 Wh  SOC 76.2%  deaths 0  [solar]
  bald_knob_ossipee      tx  1025  rx   1287  col    1  dup-    0  E_tx   0.104 Wh  solar    4.68 Wh  SOC 76.2%  deaths 0  [solar]
  mt_roberts             tx   942  rx   1987  col   12  dup-    0  E_tx   0.096 Wh  solar    4.75 Wh  SOC 76.4%  deaths 0  [solar]
  faraway_ledge          tx   191  rx   1904  col   18  dup-    0  E_tx   0.019 Wh  solar    4.73 Wh  SOC 76.6%  deaths 0  [solar]
  ossipee_saddle         tx   574  rx   1696  col   12  dup-    0  E_tx   0.058 Wh  solar    4.70 Wh  SOC 76.4%  deaths 0  [solar]
  black_snout            tx   381  rx   1000  col    2  dup-    0  E_tx   0.039 Wh  solar    4.73 Wh  SOC 76.5%  deaths 0  [solar]
  rockywold_camps        tx     0  rx    627  col    0  dup-    0  E_tx   0.000 Wh  solar    0.00 Wh  SOC 100.0%  deaths 0  [grid]
  morgan_percival        tx   192  rx    463  col    0  dup-    0  E_tx   0.020 Wh  solar    4.70 Wh  SOC 76.5%  deaths 0  [solar]
  rattlesnake_west       tx   191  rx    662  col    1  dup-    0  E_tx   0.019 Wh  solar    4.73 Wh  SOC 76.6%  deaths 0  [solar]
  red_hill_tower         tx   429  rx    371  col    0  dup-    0  E_tx   0.044 Wh  solar    4.70 Wh  SOC 76.4%  deaths 0  [solar]
  rumney_village         tx     0  rx    126  col    0  dup-    0  E_tx   0.000 Wh  solar    0.00 Wh  SOC 100.0%  deaths 0  [grid]
  stinson_summit         tx   192  rx      0  col    0  dup-    0  E_tx   0.020 Wh  solar    4.70 Wh  SOC 76.5%  deaths 0  [solar]
  rattlesnake_rumney     tx   223  rx    234  col    0  dup-    0  E_tx   0.023 Wh  solar    4.73 Wh  SOC 76.6%  deaths 0  [solar]
  rumney_cliff_top       tx   192  rx    237  col    0  dup-    0  E_tx   0.020 Wh  solar    4.74 Wh  SOC 76.6%  deaths 0  [solar]
  loon_summit            tx     0  rx    360  col    1  dup-    0  E_tx   0.000 Wh  solar    0.00 Wh  SOC 100.0%  deaths 0  [grid]
  owls_head_slide        tx   190  rx   1603  col    3  dup-    0  E_tx   0.019 Wh  solar    0.00 Wh  SOC 61.6%  deaths 0  [battery]
  thirteen_falls         tx   191  rx   1090  col    1  dup-    0  E_tx   0.019 Wh  solar    0.00 Wh  SOC 61.6%  deaths 0  [battery]
  mt_hale                tx   196  rx   1126  col    0  dup-    0  E_tx   0.020 Wh  solar   31.30 Wh  SOC 99.6%  deaths 0  [solar]
  twin_mountain_village  tx     0  rx   1245  col    0  dup-    0  E_tx   0.000 Wh  solar    0.00 Wh  SOC 100.0%  deaths 0  [grid]
  sugarloaf_middle       tx   192  rx    569  col    0  dup-    0  E_tx   0.020 Wh  solar    4.62 Wh  SOC 76.2%  deaths 0  [solar]
  isolation_davis        tx   192  rx   1333  col    1  dup-    0  E_tx   0.020 Wh  solar    0.00 Wh  SOC 61.6%  deaths 0  [battery]
  wild_river_cg          tx     0  rx   3043  col   15  dup-    0  E_tx   0.000 Wh  solar    0.00 Wh  SOC 100.0%  deaths 0  [grid]
  wild_river_blue_brook  tx   191  rx   2009  col    3  dup-    0  E_tx   0.019 Wh  solar    0.00 Wh  SOC 61.6%  deaths 0  [battery]
  north_baldface         tx   192  rx    326  col    0  dup-    0  E_tx   0.020 Wh  solar    4.46 Wh  SOC 75.7%  deaths 0  [solar]
  jackson_village        tx     0  rx    337  col    0  dup-    0  E_tx   0.000 Wh  solar    0.00 Wh  SOC 100.0%  deaths 0  [grid]
  doublehead_n           tx   194  rx    138  col    0  dup-    0  E_tx   0.020 Wh  solar    4.71 Wh  SOC 76.5%  deaths 0  [solar]
  iron_mtn               tx   191  rx    454  col    0  dup-    0  E_tx   0.019 Wh  solar    4.72 Wh  SOC 76.6%  deaths 0  [solar]
  mt_cube                tx   193  rx    192  col    0  dup-    0  E_tx   0.020 Wh  solar    4.75 Wh  SOC 76.6%  deaths 0  [solar]
  mead_base              tx     0  rx    679  col    0  dup-    0  E_tx   0.000 Wh  solar    0.00 Wh  SOC 100.0%  deaths 0  [grid]
  mt_israel              tx   192  rx    941  col    0  dup-    0  E_tx   0.020 Wh  solar    4.72 Wh  SOC 76.5%  deaths 0  [solar]
  flat_mtn_pond          tx   243  rx   1654  col    2  dup-    0  E_tx   0.025 Wh  solar    0.00 Wh  SOC 61.5%  deaths 0  [battery]
  green_mtn_effingham    tx     0  rx      0  col    0  dup-    0  E_tx   0.000 Wh  solar    4.71 Wh  SOC 76.6%  deaths 0  [solar]
  bear_brook_hq          tx     0  rx    238  col    0  dup-    0  E_tx   0.000 Wh  solar    0.00 Wh  SOC 100.0%  deaths 0  [grid]
  bear_brook_tower       tx   192  rx     46  col    0  dup-    0  E_tx   0.020 Wh  solar    4.75 Wh  SOC 76.7%  deaths 0  [solar]
  crotched_base          tx     0  rx    191  col    0  dup-    0  E_tx   0.000 Wh  solar    0.00 Wh  SOC 100.0%  deaths 0  [grid]
  crotched_summit        tx   191  rx      0  col    0  dup-    0  E_tx   0.019 Wh  solar    4.69 Wh  SOC 76.5%  deaths 0  [solar]
  temple_mtn_ledges      tx   192  rx    396  col    0  dup-    0  E_tx   0.020 Wh  solar    4.74 Wh  SOC 76.6%  deaths 0  [solar]
  washington_town        tx     0  rx   1847  col    8  dup-    0  E_tx   0.000 Wh  solar    0.00 Wh  SOC 100.0%  deaths 0  [grid]
  lovewell_mtn           tx   191  rx   1880  col   13  dup-    0  E_tx   0.019 Wh  solar    4.75 Wh  SOC 76.6%  deaths 0  [solar]
  pillsbury_sp           tx   192  rx    727  col    4  dup-    0  E_tx   0.020 Wh  solar    4.74 Wh  SOC 76.6%  deaths 0  [solar]
  kilburn_th             tx   192  rx    548  col    0  dup-    0  E_tx   0.020 Wh  solar    4.75 Wh  SOC 76.7%  deaths 0  [solar]
  milan_hill             tx     0  rx      0  col    0  dup-    0  E_tx   0.000 Wh  solar    0.00 Wh  SOC 100.0%  deaths 0  [grid]
  sugarloaf_nash         tx   193  rx    404  col    0  dup-    0  E_tx   0.020 Wh  solar    4.71 Wh  SOC 76.5%  deaths 0  [solar]
  deer_mtn_pittsburg     tx   192  rx      0  col    0  dup-    0  E_tx   0.020 Wh  solar    4.73 Wh  SOC 76.6%  deaths 0  [solar]
  champney_th            tx   191  rx    659  col    0  dup-    0  E_tx   0.019 Wh  solar    4.72 Wh  SOC 76.6%  deaths 0  [solar]
  buffalo_rd_lot         tx     0  rx    411  col    0  dup-    0  E_tx   0.000 Wh  solar    0.00 Wh  SOC 100.0%  deaths 0  [grid]
  stinson_lake_gw        tx     0  rx    197  col    0  dup-    0  E_tx   0.000 Wh  solar    0.00 Wh  SOC 100.0%  deaths 0  [grid]
  attitash_base          tx     0  rx    662  col    0  dup-    0  E_tx   0.000 Wh  solar    0.00 Wh  SOC 100.0%  deaths 0  [grid]
  iron_s_ledge           tx   384  rx    788  col    2  dup-    0  E_tx   0.039 Wh  solar    4.71 Wh  SOC 76.5%  deaths 0  [solar]
  rocky_branch_knoll     tx   577  rx    766  col    0  dup-    0  E_tx   0.059 Wh  solar    4.70 Wh  SOC 76.4%  deaths 0  [solar]
  mt_cube_farm           tx     0  rx    384  col    0  dup-    0  E_tx   0.000 Wh  solar    0.00 Wh  SOC 100.0%  deaths 0  [grid]
  cube_s_ledge           tx   191  rx    194  col    0  dup-    0  E_tx   0.019 Wh  solar    4.75 Wh  SOC 76.6%  deaths 0  [solar]
  deer_mtn_cg            tx     0  rx    192  col    0  dup-    0  E_tx   0.000 Wh  solar    0.00 Wh  SOC 100.0%  deaths 0  [grid]
  millen_pond            tx  1144  rx   1272  col    2  dup-    0  E_tx   0.116 Wh  solar    4.74 Wh  SOC 76.3%  deaths 0  [solar]
  faxon_hill             tx   193  rx   2603  col   16  dup-    0  E_tx   0.020 Wh  solar    4.72 Wh  SOC 76.6%  deaths 0  [solar]
  greenway_mid           tx   762  rx   2087  col   28  dup-    0  E_tx   0.078 Wh  solar    4.70 Wh  SOC 76.3%  deaths 0  [solar]
  kittredge_hill         tx   192  rx   2140  col   23  dup-    0  E_tx   0.020 Wh  solar    4.75 Wh  SOC 76.7%  deaths 0  [solar]
  bryant_ledge           tx   383  rx   1665  col    2  dup-    0  E_tx   0.039 Wh  solar    4.71 Wh  SOC 76.5%  deaths 0  [solar]
  pisgah_w_knoll         tx   192  rx    648  col    0  dup-    0  E_tx   0.020 Wh  solar    4.69 Wh  SOC 76.5%  deaths 0  [solar]
  kilburn_ridge          tx   383  rx    547  col    1  dup-    0  E_tx   0.039 Wh  solar    4.73 Wh  SOC 76.5%  deaths 0  [solar]
  rent_ammo_jewell_loop_0 tx   178  rx   4940  col   44  dup-    0  E_tx   0.018 Wh  solar    0.00 Wh  SOC 100.0%  deaths 0  [battery]
  rent_ammo_jewell_loop_1 tx   179  rx   4482  col   48  dup-    0  E_tx   0.018 Wh  solar    0.00 Wh  SOC 100.0%  deaths 0  [battery]
  rent_tuckerman_loop_0  tx   127  rx   4101  col   52  dup-    0  E_tx   0.013 Wh  solar    0.00 Wh  SOC 100.0%  deaths 0  [battery]
  rent_tuckerman_loop_1  tx   128  rx   3958  col   44  dup-    0  E_tx   0.013 Wh  solar    0.00 Wh  SOC 100.0%  deaths 0  [battery]
  rent_crawford_traverse_0 tx   150  rx   4475  col   49  dup-    0  E_tx   0.015 Wh  solar    0.00 Wh  SOC 100.0%  deaths 0  [battery]
  rent_crawford_traverse_1 tx   152  rx   4186  col   43  dup-    0  E_tx   0.015 Wh  solar    0.00 Wh  SOC 100.0%  deaths 0  [battery]
  rent_valley_way_madison_0 tx   109  rx   3559  col   52  dup-    0  E_tx   0.011 Wh  solar    0.00 Wh  SOC 100.0%  deaths 0  [battery]
  rent_valley_way_madison_1 tx   110  rx   3464  col   47  dup-    0  E_tx   0.011 Wh  solar    0.00 Wh  SOC 100.0%  deaths 0  [battery]
  rent_carter_wildcat_0  tx   114  rx   3819  col   51  dup-    0  E_tx   0.012 Wh  solar    0.00 Wh  SOC 100.0%  deaths 0  [battery]
  rent_carter_wildcat_1  tx   114  rx   3736  col   43  dup-    0  E_tx   0.012 Wh  solar    0.00 Wh  SOC 100.0%  deaths 0  [battery]
  rent_great_gulf_osgood_0 tx    75  rx   2561  col   34  dup-    0  E_tx   0.008 Wh  solar    0.00 Wh  SOC 100.0%  deaths 0  [battery]
  rent_great_gulf_osgood_1 tx    74  rx   2841  col   53  dup-    0  E_tx   0.008 Wh  solar    0.00 Wh  SOC 100.0%  deaths 0  [battery]
  rent_franconia_ridge_loop_0 tx   116  rx   3708  col   49  dup-    0  E_tx   0.012 Wh  solar    0.00 Wh  SOC 100.0%  deaths 0  [battery]
  rent_franconia_ridge_loop_1 tx   114  rx   3615  col   44  dup-    0  E_tx   0.012 Wh  solar    0.00 Wh  SOC 100.0%  deaths 0  [battery]
  rent_lonesome_lake_family_0 tx    36  rx    847  col    8  dup-    0  E_tx   0.004 Wh  solar    0.00 Wh  SOC 100.0%  deaths 0  [battery]
  rent_lonesome_lake_family_1 tx    36  rx   1492  col   22  dup-    0  E_tx   0.004 Wh  solar    0.00 Wh  SOC 100.0%  deaths 0  [battery]
  rent_pemi_bonds_long_0 tx   208  rx   5464  col   60  dup-    0  E_tx   0.021 Wh  solar    0.00 Wh  SOC 100.0%  deaths 0  [battery]
  rent_pemi_bonds_long_1 tx   207  rx   4856  col   70  dup-    0  E_tx   0.021 Wh  solar    0.00 Wh  SOC 100.0%  deaths 0  [battery]
  rent_moosilauke_gorge_brook_0 tx    81  rx   2440  col   29  dup-    0  E_tx   0.008 Wh  solar    0.00 Wh  SOC 100.0%  deaths 0  [battery]
  rent_moosilauke_gorge_brook_1 tx    80  rx   2646  col   28  dup-    0  E_tx   0.008 Wh  solar    0.00 Wh  SOC 100.0%  deaths 0  [battery]
  rent_osceola_greeley_0 tx   243  rx   5026  col   37  dup-    0  E_tx   0.025 Wh  solar    0.00 Wh  SOC 100.0%  deaths 0  [battery]
  rent_osceola_greeley_1 tx   241  rx   4312  col   42  dup-    0  E_tx   0.025 Wh  solar    0.00 Wh  SOC 100.0%  deaths 0  [battery]
  rent_chocorua_piper_0  tx    47  rx   1401  col   22  dup-    0  E_tx   0.005 Wh  solar    0.00 Wh  SOC 100.0%  deaths 0  [battery]
  rent_chocorua_piper_1  tx    48  rx   1925  col   29  dup-    0  E_tx   0.005 Wh  solar    0.00 Wh  SOC 100.0%  deaths 0  [battery]
  rent_carrigain_signal_ridge_0 tx    92  rx   3133  col   49  dup-    0  E_tx   0.009 Wh  solar    0.00 Wh  SOC 100.0%  deaths 0  [battery]
  rent_carrigain_signal_ridge_1 tx    93  rx   3262  col   56  dup-    0  E_tx   0.009 Wh  solar    0.00 Wh  SOC 100.0%  deaths 0  [battery]
  rent_monadnock_white_dot_0 tx    50  rx    915  col    9  dup-    0  E_tx   0.005 Wh  solar    0.00 Wh  SOC 100.0%  deaths 0  [battery]
  rent_monadnock_white_dot_1 tx    49  rx   1237  col    6  dup-    0  E_tx   0.005 Wh  solar    0.00 Wh  SOC 100.0%  deaths 0  [battery]
  rent_cardigan_west_ridge_0 tx    50  rx   1273  col    9  dup-    0  E_tx   0.005 Wh  solar    0.00 Wh  SOC 100.0%  deaths 0  [battery]
  rent_cardigan_west_ridge_1 tx    50  rx   1707  col   19  dup-    0  E_tx   0.005 Wh  solar    0.00 Wh  SOC 100.0%  deaths 0  [battery]
  rent_belknap_range_walk_0 tx    91  rx   2566  col   27  dup-    0  E_tx   0.009 Wh  solar    0.00 Wh  SOC 100.0%  deaths 0  [battery]
  rent_belknap_range_walk_1 tx    90  rx   2576  col   23  dup-    0  E_tx   0.009 Wh  solar    0.00 Wh  SOC 100.0%  deaths 0  [battery]
  rent_kearsarge_winslow_0 tx    26  rx    501  col    1  dup-    0  E_tx   0.003 Wh  solar    0.00 Wh  SOC 100.0%  deaths 0  [battery]
  rent_kearsarge_winslow_1 tx    26  rx    879  col   13  dup-    0  E_tx   0.003 Wh  solar    0.00 Wh  SOC 100.0%  deaths 0  [battery]
  rent_pack_monadnock_loop_0 tx    20  rx    352  col    2  dup-    0  E_tx   0.002 Wh  solar    0.00 Wh  SOC 100.0%  deaths 0  [battery]
  rent_pack_monadnock_loop_1 tx    21  rx    603  col   11  dup-    0  E_tx   0.002 Wh  solar    0.00 Wh  SOC 100.0%  deaths 0  [battery]
  rent_squam_morgan_percival_0 tx    46  rx   1289  col   14  dup-    0  E_tx   0.005 Wh  solar    0.00 Wh  SOC 100.0%  deaths 0  [battery]
  rent_squam_morgan_percival_1 tx    48  rx   1772  col   24  dup-    0  E_tx   0.005 Wh  solar    0.00 Wh  SOC 100.0%  deaths 0  [battery]
  rent_rumney_rattlesnake_0 tx    54  rx   1467  col   18  dup-    0  E_tx   0.005 Wh  solar    0.00 Wh  SOC 100.0%  deaths 0  [battery]
  rent_rumney_rattlesnake_1 tx    54  rx   1897  col   23  dup-    0  E_tx   0.005 Wh  solar    0.00 Wh  SOC 100.0%  deaths 0  [battery]
  rent_owls_head_marathon_0 tx   110  rx   3416  col   50  dup-    0  E_tx   0.011 Wh  solar    0.00 Wh  SOC 100.0%  deaths 0  [battery]
  rent_owls_head_marathon_1 tx   110  rx   3364  col   30  dup-    0  E_tx   0.011 Wh  solar    0.00 Wh  SOC 100.0%  deaths 0  [battery]
  rent_isolation_glen_boulder_0 tx   214  rx   5454  col   61  dup-    0  E_tx   0.022 Wh  solar    0.00 Wh  SOC 100.0%  deaths 0  [battery]
  rent_isolation_glen_boulder_1 tx   213  rx   4875  col   62  dup-    0  E_tx   0.022 Wh  solar    0.00 Wh  SOC 100.0%  deaths 0  [battery]
  rent_hale_zealand_loop_0 tx   251  rx   5234  col   51  dup-    0  E_tx   0.026 Wh  solar    0.00 Wh  SOC 100.0%  deaths 0  [battery]
  rent_hale_zealand_loop_1 tx   251  rx   4529  col   45  dup-    0  E_tx   0.026 Wh  solar    0.00 Wh  SOC 100.0%  deaths 0  [battery]
  rent_baldface_wild_river_0 tx   176  rx   4552  col   46  dup-    0  E_tx   0.018 Wh  solar    0.00 Wh  SOC 100.0%  deaths 0  [battery]
  rent_baldface_wild_river_1 tx   176  rx   4105  col   34  dup-    0  E_tx   0.018 Wh  solar    0.00 Wh  SOC 100.0%  deaths 0  [battery]
  rent_bear_brook_loop_0 tx    24  rx    415  col    3  dup-    0  E_tx   0.002 Wh  solar    0.00 Wh  SOC 100.0%  deaths 0  [battery]
  rent_bear_brook_loop_1 tx    22  rx    736  col    8  dup-    0  E_tx   0.002 Wh  solar    0.00 Wh  SOC 100.0%  deaths 0  [battery]
wrote , artifacts/sim/summary_statewide_ea.json
